Archive member included to satisfy reference by file (symbol)

c:/program files (x86)/gnu tools arm embedded/7 2017-q4-major/bin/../lib/gcc/arm-none-eabi/7.2.1/thumb/v7-m\libgcc.a(_aeabi_uldivmod.o)
                              ..\obj\sntp.o (__aeabi_uldivmod)
c:/program files (x86)/gnu tools arm embedded/7 2017-q4-major/bin/../lib/gcc/arm-none-eabi/7.2.1/thumb/v7-m\libgcc.a(_udivmoddi4.o)
                              c:/program files (x86)/gnu tools arm embedded/7 2017-q4-major/bin/../lib/gcc/arm-none-eabi/7.2.1/thumb/v7-m\libgcc.a(_aeabi_uldivmod.o) (__udivmoddi4)
c:/program files (x86)/gnu tools arm embedded/7 2017-q4-major/bin/../lib/gcc/arm-none-eabi/7.2.1/thumb/v7-m\libgcc.a(_dvmd_tls.o)
                              c:/program files (x86)/gnu tools arm embedded/7 2017-q4-major/bin/../lib/gcc/arm-none-eabi/7.2.1/thumb/v7-m\libgcc.a(_aeabi_uldivmod.o) (__aeabi_ldiv0)
c:/program files (x86)/gnu tools arm embedded/7 2017-q4-major/bin/../lib/gcc/arm-none-eabi/7.2.1/../../../../arm-none-eabi/lib/thumb/v7-m\libg.a(lib_a-atoi.o)
                              ..\obj\ftpc.o (atoi)
c:/program files (x86)/gnu tools arm embedded/7 2017-q4-major/bin/../lib/gcc/arm-none-eabi/7.2.1/../../../../arm-none-eabi/lib/thumb/v7-m\libg.a(lib_a-calloc.o)
                              ..\obj\ssl_tls.o (calloc)
c:/program files (x86)/gnu tools arm embedded/7 2017-q4-major/bin/../lib/gcc/arm-none-eabi/7.2.1/../../../../arm-none-eabi/lib/thumb/v7-m\libg.a(lib_a-callocr.o)
                              c:/program files (x86)/gnu tools arm embedded/7 2017-q4-major/bin/../lib/gcc/arm-none-eabi/7.2.1/../../../../arm-none-eabi/lib/thumb/v7-m\libg.a(lib_a-calloc.o) (_calloc_r)
c:/program files (x86)/gnu tools arm embedded/7 2017-q4-major/bin/../lib/gcc/arm-none-eabi/7.2.1/../../../../arm-none-eabi/lib/thumb/v7-m\libg.a(lib_a-exit.o)
                              c:/program files (x86)/gnu tools arm embedded/7 2017-q4-major/bin/../lib/gcc/arm-none-eabi/7.2.1/../../../../arm-none-eabi/lib/thumb/v7-m/crt0.o (exit)
c:/program files (x86)/gnu tools arm embedded/7 2017-q4-major/bin/../lib/gcc/arm-none-eabi/7.2.1/../../../../arm-none-eabi/lib/thumb/v7-m\libg.a(lib_a-impure.o)
                              c:/program files (x86)/gnu tools arm embedded/7 2017-q4-major/bin/../lib/gcc/arm-none-eabi/7.2.1/../../../../arm-none-eabi/lib/thumb/v7-m\libg.a(lib_a-exit.o) (_global_impure_ptr)
c:/program files (x86)/gnu tools arm embedded/7 2017-q4-major/bin/../lib/gcc/arm-none-eabi/7.2.1/../../../../arm-none-eabi/lib/thumb/v7-m\libg.a(lib_a-init.o)
                              c:/program files (x86)/gnu tools arm embedded/7 2017-q4-major/bin/../lib/gcc/arm-none-eabi/7.2.1/../../../../arm-none-eabi/lib/thumb/v7-m/crt0.o (__libc_init_array)
c:/program files (x86)/gnu tools arm embedded/7 2017-q4-major/bin/../lib/gcc/arm-none-eabi/7.2.1/../../../../arm-none-eabi/lib/thumb/v7-m\libg.a(lib_a-locale.o)
                              ..\obj\ftpd.o (__locale_ctype_ptr)
c:/program files (x86)/gnu tools arm embedded/7 2017-q4-major/bin/../lib/gcc/arm-none-eabi/7.2.1/../../../../arm-none-eabi/lib/thumb/v7-m\libg.a(lib_a-malloc.o)
                              ..\obj\httpServer.o (malloc)
c:/program files (x86)/gnu tools arm embedded/7 2017-q4-major/bin/../lib/gcc/arm-none-eabi/7.2.1/../../../../arm-none-eabi/lib/thumb/v7-m\libg.a(lib_a-mallocr.o)
                              c:/program files (x86)/gnu tools arm embedded/7 2017-q4-major/bin/../lib/gcc/arm-none-eabi/7.2.1/../../../../arm-none-eabi/lib/thumb/v7-m\libg.a(lib_a-callocr.o) (_malloc_r)
c:/program files (x86)/gnu tools arm embedded/7 2017-q4-major/bin/../lib/gcc/arm-none-eabi/7.2.1/../../../../arm-none-eabi/lib/thumb/v7-m\libg.a(lib_a-mbtowc_r.o)
                              c:/program files (x86)/gnu tools arm embedded/7 2017-q4-major/bin/../lib/gcc/arm-none-eabi/7.2.1/../../../../arm-none-eabi/lib/thumb/v7-m\libg.a(lib_a-locale.o) (__ascii_mbtowc)
c:/program files (x86)/gnu tools arm embedded/7 2017-q4-major/bin/../lib/gcc/arm-none-eabi/7.2.1/../../../../arm-none-eabi/lib/thumb/v7-m\libg.a(lib_a-memcmp.o)
                              ..\obj\x509_crt.o (memcmp)
c:/program files (x86)/gnu tools arm embedded/7 2017-q4-major/bin/../lib/gcc/arm-none-eabi/7.2.1/../../../../arm-none-eabi/lib/thumb/v7-m\libg.a(lib_a-memcpy.o)
                              ..\obj\tftp.o (memcpy)
c:/program files (x86)/gnu tools arm embedded/7 2017-q4-major/bin/../lib/gcc/arm-none-eabi/7.2.1/../../../../arm-none-eabi/lib/thumb/v7-m\libg.a(lib_a-memmove.o)
                              ..\obj\ssl_tls.o (memmove)
c:/program files (x86)/gnu tools arm embedded/7 2017-q4-major/bin/../lib/gcc/arm-none-eabi/7.2.1/../../../../arm-none-eabi/lib/thumb/v7-m\libg.a(lib_a-memset.o)
                              c:/program files (x86)/gnu tools arm embedded/7 2017-q4-major/bin/../lib/gcc/arm-none-eabi/7.2.1/../../../../arm-none-eabi/lib/thumb/v7-m/crt0.o (memset)
[...]
Memory Configuration

Name             Origin             Length             Attributes
rom              0x08000000         0x00040000         xr
ram              0x20000000         0x0000c000         xrw
*default*        0x00000000         0xffffffff

Linker script and memory map

LOAD c:/program files (x86)/gnu tools arm embedded/7 2017-q4-major/bin/../lib/gcc/arm-none-eabi/7.2.1/thumb/v7-m/crti.o
LOAD c:/program files (x86)/gnu tools arm embedded/7 2017-q4-major/bin/../lib/gcc/arm-none-eabi/7.2.1/thumb/v7-m/crtbegin.o
LOAD c:/program files (x86)/gnu tools arm embedded/7 2017-q4-major/bin/../lib/gcc/arm-none-eabi/7.2.1/../../../../arm-none-eabi/lib/thumb/v7-m/crt0.o
                0x2000c000                _eram = 0x2000c000

.text           0x08000000    0x268e4
 *(.isr_vector)
 .isr_vector    0x08000000      0x134 ..\obj\startup_stm32f10x_hd.o
                0x08000000                g_pfnVectors
 *(.text*)
 .text          0x08000134       0x40 c:/program files (x86)/gnu tools arm embedded/7 2017-q4-major/bin/../lib/gcc/arm-none-eabi/7.2.1/thumb/v7-m/crtbegin.o
 .text.socket   0x08000174      0x20c ..\obj\socket.o
                0x08000174                socket
 .text.close    0x08000380       0xcc ..\obj\socket.o
                0x08000380                close
 .text.connect  0x0800044c      0x18c ..\obj\socket.o
                0x0800044c                connect
 .text.send     0x080005d8      0x1e8 ..\obj\socket.o
                0x080005d8                send
 .text.recv     0x080007c0      0x184 ..\obj\socket.o
                0x080007c0                recv
 .text.mbedtls_zeroize
                0x08000944       0x2e ..\obj\pk.o
 .text.mbedtls_pk_free
                0x08000972       0x36 ..\obj\pk.o
                0x08000972                mbedtls_pk_free
 .text.mbedtls_pk_info_from_type
                0x080009a8       0x24 ..\obj\pk.o
                0x080009a8                mbedtls_pk_info_from_type
 .text.mbedtls_pk_setup
                0x080009cc       0x54 ..\obj\pk.o
                0x080009cc                mbedtls_pk_setup
 .text.mbedtls_pk_can_do
                0x08000a20       0x34 ..\obj\pk.o
                0x08000a20                mbedtls_pk_can_do
 .text.pk_hashlen_helper
                0x08000a54       0x46 ..\obj\pk.o
 *fill*         0x08000a9a        0x2 
 .text.mbedtls_pk_verify
                0x08000a9c       0x70 ..\obj\pk.o
                0x08000a9c                mbedtls_pk_verify
 .text.mbedtls_pk_verify_ext
                0x08000b0c       0x78 ..\obj\pk.o
                0x08000b0c                mbedtls_pk_verify_ext
 .text.mbedtls_pk_sign
                0x08000b84       0x78 ..\obj\pk.o
                0x08000b84                mbedtls_pk_sign
 .text.mbedtls_pk_encrypt
                0x08000bfc       0x64 ..\obj\pk.o
                0x08000bfc                mbedtls_pk_encrypt
 .text.mbedtls_pk_get_bitlen
                0x08000c60       0x32 ..\obj\pk.o
                0x08000c60                mbedtls_pk_get_bitlen
 *fill*         0x08000c92        0x2 
 .text.mbedtls_pk_debug
                0x08000c94       0x4c ..\obj\pk.o
                0x08000c94                mbedtls_pk_debug
 .text.mbedtls_pk_get_name
                0x08000ce0       0x30 ..\obj\pk.o
                0x08000ce0                mbedtls_pk_get_name
 .text.mbedtls_pk_get_type
                0x08000d10       0x2a ..\obj\pk.o
                0x08000d10                mbedtls_pk_get_type
 .text.mbedtls_pk_rsa
                0x08000d3a       0x18 ..\obj\pkparse.o
 *fill*         0x08000d52        0x2 
 .text.pk_get_rsapubkey
                0x08000d54      0x138 ..\obj\pkparse.o
 .text.pk_get_pk_alg
                0x08000e8c       0x84 ..\obj\pkparse.o
 .text.mbedtls_pk_parse_subpubkey
                0x08000f10      0x104 ..\obj\pkparse.o
                0x08000f10                mbedtls_pk_parse_subpubkey
 .text.TIM_TimeBaseInit
                0x08001014       0xf8 ..\obj\stm32f10x_tim.o
                0x08001014                TIM_TimeBaseInit
 .text.TIM_Cmd  0x0800110c       0x3e ..\obj\stm32f10x_tim.o
                0x0800110c                TIM_Cmd
 .text.TIM_ITConfig
                0x0800114a       0x46 ..\obj\stm32f10x_tim.o
                0x0800114a                TIM_ITConfig
 .text.TIM_SetAutoreload
                0x08001190       0x1c ..\obj\stm32f10x_tim.o
                0x08001190                TIM_SetAutoreload
 .text.TIM_ClearITPendingBit
                0x080011ac       0x20 ..\obj\stm32f10x_tim.o
                0x080011ac                TIM_ClearITPendingBit
 .text.mbedtls_cipher_get_cipher_mode
                0x080011cc       0x2a ..\obj\ssl_tls.o
 .text.mbedtls_ssl_sig_hash_set_init
                0x080011f6       0x18 ..\obj\ssl_tls.o
 .text.mbedtls_ssl_own_cert
                0x0800120e       0x44 ..\obj\ssl_tls.o
 .text.mbedtls_ssl_hdr_len
                0x08001252       0x14 ..\obj\ssl_tls.o
 .text.mbedtls_ssl_hs_hdr_len
                0x08001266       0x14 ..\obj\ssl_tls.o
 .text.mbedtls_ssl_safer_memcmp
                0x0800127a       0x62 ..\obj\ssl_tls.o
 .text.mbedtls_zeroize
                0x080012dc       0x2e ..\obj\ssl_tls.o
 .text.ssl_ep_len
                0x0800130a       0x14 ..\obj\ssl_tls.o
 *fill*         0x0800131e        0x2 
 .text.ssl_set_timer
                0x08001320       0x48 ..\obj\ssl_tls.o
 .text.ssl_check_timer
                0x08001368       0x50 ..\obj\ssl_tls.o
 .text.tls_prf_generic
                0x080013b8      0x224 ..\obj\ssl_tls.o
 .text.tls_prf_sha256
                0x080015dc       0x34 ..\obj\ssl_tls.o
 .text.mbedtls_ssl_derive_keys
                0x08001610      0x7e8 ..\obj\ssl_tls.o
                0x08001610                mbedtls_ssl_derive_keys
 .text.ssl_calc_verify_tls_sha256
                0x08001df8       0x94 ..\obj\ssl_tls.o
 .text.ssl_encrypt_buf
                0x08001e8c      0x61c ..\obj\ssl_tls.o
 .text.ssl_decrypt_buf
                0x080024a8      0x8d4 ..\obj\ssl_tls.o
 .text.mbedtls_ssl_fetch_input
                0x08002d7c      0x18c ..\obj\ssl_tls.o
                0x08002d7c                mbedtls_ssl_fetch_input
 .text.mbedtls_ssl_flush_output
                0x08002f08      0x190 ..\obj\ssl_tls.o
                0x08002f08                mbedtls_ssl_flush_output
 .text.mbedtls_ssl_write_record
                0x08003098      0x254 ..\obj\ssl_tls.o
                0x08003098                mbedtls_ssl_write_record
 .text.mbedtls_ssl_prepare_handshake_record
                0x080032ec       0xd0 ..\obj\ssl_tls.o
                0x080032ec                mbedtls_ssl_prepare_handshake_record
 .text.mbedtls_ssl_update_handshake_status
                0x080033bc       0x32 ..\obj\ssl_tls.o
                0x080033bc                mbedtls_ssl_update_handshake_status
 *fill*         0x080033ee        0x2 
 .text.ssl_parse_record_header
                0x080033f0      0x1fc ..\obj\ssl_tls.o
 .text.ssl_prepare_record_content
                0x080035ec       0xcc ..\obj\ssl_tls.o
 .text.mbedtls_ssl_read_record
                0x080036b8       0xd8 ..\obj\ssl_tls.o
                0x080036b8                mbedtls_ssl_read_record
 .text.mbedtls_ssl_read_record_layer
                0x08003790      0x160 ..\obj\ssl_tls.o
                0x08003790                mbedtls_ssl_read_record_layer
 .text.mbedtls_ssl_handle_message_type
                0x080038f0      0x100 ..\obj\ssl_tls.o
                0x080038f0                mbedtls_ssl_handle_message_type
 .text.mbedtls_ssl_send_alert_message
                0x080039f0       0xd0 ..\obj\ssl_tls.o
                0x080039f0                mbedtls_ssl_send_alert_message
 .text.mbedtls_ssl_write_certificate
                0x08003ac0      0x234 ..\obj\ssl_tls.o
                0x08003ac0                mbedtls_ssl_write_certificate
 .text.mbedtls_ssl_parse_certificate
                0x08003cf4      0x598 ..\obj\ssl_tls.o
                0x08003cf4                mbedtls_ssl_parse_certificate
 .text.mbedtls_ssl_write_change_cipher_spec
                0x0800428c       0x94 ..\obj\ssl_tls.o
                0x0800428c                mbedtls_ssl_write_change_cipher_spec
 .text.mbedtls_ssl_parse_change_cipher_spec
                0x08004320      0x13c ..\obj\ssl_tls.o
                0x08004320                mbedtls_ssl_parse_change_cipher_spec
 .text.mbedtls_ssl_optimize_checksum
                0x0800445c       0x44 ..\obj\ssl_tls.o
                0x0800445c                mbedtls_ssl_optimize_checksum
 .text.ssl_update_checksum_start
                0x080044a0       0x24 ..\obj\ssl_tls.o
 .text.ssl_update_checksum_sha256
                0x080044c4       0x24 ..\obj\ssl_tls.o
 .text.ssl_calc_finished_tls_sha256
                0x080044e8      0x12c ..\obj\ssl_tls.o
 .text.ssl_handshake_wrapup_free_hs_transform
                0x08004614       0x84 ..\obj\ssl_tls.o
 .text.mbedtls_ssl_handshake_wrapup
                0x08004698       0xd0 ..\obj\ssl_tls.o
                0x08004698                mbedtls_ssl_handshake_wrapup
 .text.mbedtls_ssl_write_finished
                0x08004768      0x154 ..\obj\ssl_tls.o
                0x08004768                mbedtls_ssl_write_finished
 .text.mbedtls_ssl_parse_finished
                0x080048bc      0x178 ..\obj\ssl_tls.o
                0x080048bc                mbedtls_ssl_parse_finished
 .text.ssl_handshake_params_init
                0x08004a34       0x44 ..\obj\ssl_tls.o
 .text.ssl_transform_init
                0x08004a78       0x42 ..\obj\ssl_tls.o
 .text.mbedtls_ssl_session_init
                0x08004aba       0x1a ..\obj\ssl_tls.o
                0x08004aba                mbedtls_ssl_session_init
 .text.ssl_handshake_init
                0x08004ad4      0x11c ..\obj\ssl_tls.o
 .text.mbedtls_ssl_init
                0x08004bf0       0x1a ..\obj\ssl_tls.o
                0x08004bf0                mbedtls_ssl_init
 *fill*         0x08004c0a        0x2 
 .text.mbedtls_ssl_setup
                0x08004c0c      0x120 ..\obj\ssl_tls.o
                0x08004c0c                mbedtls_ssl_setup
 .text.mbedtls_ssl_conf_endpoint
                0x08004d2c       0x2a ..\obj\ssl_tls.o
                0x08004d2c                mbedtls_ssl_conf_endpoint
 .text.mbedtls_ssl_conf_transport
                0x08004d56       0x2a ..\obj\ssl_tls.o
                0x08004d56                mbedtls_ssl_conf_transport
 .text.mbedtls_ssl_conf_authmode
                0x08004d80       0x2a ..\obj\ssl_tls.o
                0x08004d80                mbedtls_ssl_conf_authmode
 .text.mbedtls_ssl_conf_rng
                0x08004daa       0x22 ..\obj\ssl_tls.o
                0x08004daa                mbedtls_ssl_conf_rng
 .text.mbedtls_ssl_conf_dbg
                0x08004dcc       0x22 ..\obj\ssl_tls.o
                0x08004dcc                mbedtls_ssl_conf_dbg
 .text.mbedtls_ssl_set_bio
                0x08004dee       0x30 ..\obj\ssl_tls.o
                0x08004dee                mbedtls_ssl_set_bio
 .text.mbedtls_ssl_conf_ca_chain
                0x08004e1e       0x22 ..\obj\ssl_tls.o
                0x08004e1e                mbedtls_ssl_conf_ca_chain
 .text.mbedtls_ssl_set_hostname
                0x08004e40       0xbc ..\obj\ssl_tls.o
                0x08004e40                mbedtls_ssl_set_hostname
 .text.mbedtls_ssl_get_ciphersuite
                0x08004efc       0x30 ..\obj\ssl_tls.o
                0x08004efc                mbedtls_ssl_get_ciphersuite
 .text.mbedtls_ssl_handshake_step
                0x08004f2c       0x4c ..\obj\ssl_tls.o
                0x08004f2c                mbedtls_ssl_handshake_step
 .text.mbedtls_ssl_handshake
                0x08004f78       0x78 ..\obj\ssl_tls.o
                0x08004f78                mbedtls_ssl_handshake
 .text.mbedtls_ssl_read
                0x08004ff0      0x2b4 ..\obj\ssl_tls.o
                0x08004ff0                mbedtls_ssl_read
 .text.ssl_write_real
                0x080052a4       0xb0 ..\obj\ssl_tls.o
 .text.mbedtls_ssl_write
                0x08005354       0x9c ..\obj\ssl_tls.o
                0x08005354                mbedtls_ssl_write
 .text.mbedtls_ssl_transform_free
                0x080053f0       0x48 ..\obj\ssl_tls.o
                0x080053f0                mbedtls_ssl_transform_free
 .text.mbedtls_ssl_handshake_free
                0x08005438       0x2c ..\obj\ssl_tls.o
                0x08005438                mbedtls_ssl_handshake_free
 .text.mbedtls_ssl_session_free
                0x08005464       0x3c ..\obj\ssl_tls.o
                0x08005464                mbedtls_ssl_session_free
 .text.mbedtls_ssl_config_init
                0x080054a0       0x1a ..\obj\ssl_tls.o
                0x080054a0                mbedtls_ssl_config_init
 *fill*         0x080054ba        0x2 
 .text.mbedtls_ssl_config_defaults
                0x080054bc       0xf4 ..\obj\ssl_tls.o
                0x080054bc                mbedtls_ssl_config_defaults
 .text.mbedtls_ssl_sig_from_pk
                0x080055b0       0x24 ..\obj\ssl_tls.o
                0x080055b0                mbedtls_ssl_sig_from_pk
 .text.mbedtls_ssl_sig_hash_set_const_hash
                0x080055d4       0x22 ..\obj\ssl_tls.o
                0x080055d4                mbedtls_ssl_sig_hash_set_const_hash
 .text.mbedtls_ssl_hash_from_md_alg
                0x080055f6       0x28 ..\obj\ssl_tls.o
                0x080055f6                mbedtls_ssl_hash_from_md_alg
 .text.mbedtls_ssl_check_cert_usage
                0x0800561e       0x1e ..\obj\ssl_tls.o
                0x0800561e                mbedtls_ssl_check_cert_usage
 .text.mbedtls_ssl_write_version
                0x0800563c       0x2a ..\obj\ssl_tls.o
                0x0800563c                mbedtls_ssl_write_version
 .text.mbedtls_ssl_read_version
                0x08005666       0x2e ..\obj\ssl_tls.o
                0x08005666                mbedtls_ssl_read_version
 .text.mbedtls_ctr_drbg_init
                0x08005694       0x1c ..\obj\ctr_drbg.o
                0x08005694                mbedtls_ctr_drbg_init
 .text.mbedtls_zeroize
                0x080056b0       0x2e ..\obj\md.o
 *fill*         0x080056de        0x2 
 .text.mbedtls_md_info_from_type
                0x080056e0       0x34 ..\obj\md.o
                0x080056e0                mbedtls_md_info_from_type
 .text.mbedtls_md_init
                0x08005714       0x1a ..\obj\md.o
                0x08005714                mbedtls_md_init
 .text.mbedtls_md_free
                0x0800572e       0x64 ..\obj\md.o
                0x0800572e                mbedtls_md_free
 *fill*         0x08005792        0x2 
 .text.mbedtls_md_setup
                0x08005794       0x80 ..\obj\md.o
                0x08005794                mbedtls_md_setup
 .text.mbedtls_md
                0x08005814       0x34 ..\obj\md.o
                0x08005814                mbedtls_md
 .text.mbedtls_md_hmac_starts
                0x08005848      0x164 ..\obj\md.o
                0x08005848                mbedtls_md_hmac_starts
 .text.mbedtls_md_hmac_update
                0x080059ac       0x44 ..\obj\md.o
                0x080059ac                mbedtls_md_hmac_update
 .text.mbedtls_md_hmac_finish
                0x080059f0       0xcc ..\obj\md.o
                0x080059f0                mbedtls_md_hmac_finish
 .text.mbedtls_md_hmac_reset
                0x08005abc       0x64 ..\obj\md.o
                0x08005abc                mbedtls_md_hmac_reset
 .text.mbedtls_md_process
                0x08005b20       0x3c ..\obj\md.o
                0x08005b20                mbedtls_md_process
 .text.mbedtls_md_get_size
                0x08005b5c       0x22 ..\obj\md.o
                0x08005b5c                mbedtls_md_get_size
 *fill*         0x08005b7e        0x2 
 .text.SystemInit
                0x08005b80       0x68 ..\obj\system_stm32f10x.o
                0x08005b80                SystemInit
 .text.SetSysClock
                0x08005be8        0xc ..\obj\system_stm32f10x.o
 .text.SetSysClockTo72
                0x08005bf4      0x100 ..\obj\system_stm32f10x.o
 .text.Default_Reset_Handler
                0x08005cf4       0x60 ..\obj\startup_stm32f10x_hd.o
                0x08005cf4                Default_Reset_Handler
                0x08005cf4                Reset_Handler
 .text.Default_Handler
                0x08005d54        0x6 ..\obj\startup_stm32f10x_hd.o
                0x08005d54                EXTI2_IRQHandler
                0x08005d54                TIM8_TRG_COM_IRQHandler
                0x08005d54                TIM8_CC_IRQHandler
                0x08005d54                DebugMon_Handler
                0x08005d54                TIM1_CC_IRQHandler
                0x08005d54                TIM6_IRQHandler
                0x08005d54                SysTick_Handler
                0x08005d54                PVD_IRQHandler
                0x08005d54                SDIO_IRQHandler
                0x08005d54                PendSV_Handler
                0x08005d54                EXTI3_IRQHandler
                0x08005d54                EXTI0_IRQHandler
                0x08005d54                I2C2_EV_IRQHandler
                0x08005d54                ADC1_2_IRQHandler
                0x08005d54                SPI1_IRQHandler
                0x08005d54                TAMPER_IRQHandler
                0x08005d54                TIM8_UP_IRQHandler
                0x08005d54                DMA2_Channel2_IRQHandler
                0x08005d54                DMA1_Channel4_IRQHandler
                0x08005d54                USART3_IRQHandler
                0x08005d54                RTC_IRQHandler
                0x08005d54                DMA1_Channel7_IRQHandler
                0x08005d54                CAN1_RX1_IRQHandler
                0x08005d54                UART5_IRQHandler
                0x08005d54                ADC3_IRQHandler
                0x08005d54                TIM4_IRQHandler
                0x08005d54                DMA2_Channel1_IRQHandler
                0x08005d54                I2C1_EV_IRQHandler
                0x08005d54                DMA1_Channel6_IRQHandler
                0x08005d54                UART4_IRQHandler
                0x08005d54                TIM3_IRQHandler
                0x08005d54                RCC_IRQHandler
                0x08005d54                TIM1_TRG_COM_IRQHandler
                0x08005d54                DMA1_Channel1_IRQHandler
                0x08005d54                EXTI15_10_IRQHandler
                0x08005d54                TIM7_IRQHandler
                0x08005d54                TIM5_IRQHandler
                0x08005d54                EXTI9_5_IRQHandler
                0x08005d54                SPI2_IRQHandler
                0x08005d54                SVC_Handler
                0x08005d54                DMA1_Channel5_IRQHandler
                0x08005d54                EXTI4_IRQHandler
                0x08005d54                USB_LP_CAN1_RX0_IRQHandler
                0x08005d54                USB_HP_CAN1_TX_IRQHandler
                0x08005d54                DMA1_Channel3_IRQHandler
                0x08005d54                FSMC_IRQHandler
                0x08005d54                TIM1_UP_IRQHandler
                0x08005d54                WWDG_IRQHandler
                0x08005d54                TIM1_BRK_IRQHandler
                0x08005d54                EXTI1_IRQHandler
                0x08005d54                RTCAlarm_IRQHandler
                0x08005d54                DMA2_Channel4_5_IRQHandler
                0x08005d54                USART2_IRQHandler
                0x08005d54                I2C2_ER_IRQHandler
                0x08005d54                DMA1_Channel2_IRQHandler
                0x08005d54                TIM8_BRK_IRQHandler
                0x08005d54                CAN1_SCE_IRQHandler
                0x08005d54                FLASH_IRQHandler
                0x08005d54                USART1_IRQHandler
                0x08005d54                SPI3_IRQHandler
                0x08005d54                I2C1_ER_IRQHandler
                0x08005d54                USBWakeUp_IRQHandler
                0x08005d54                DMA2_Channel3_IRQHandler
 .text.mbedtls_cipher_get_block_size
                0x08005d5a       0x2a ..\obj\cipher.o
 .text.mbedtls_cipher_get_iv_size
                0x08005d84       0x38 ..\obj\cipher.o
 .text.mbedtls_zeroize
                0x08005dbc       0x2e ..\obj\cipher.o
 *fill*         0x08005dea        0x2 
 .text.mbedtls_cipher_info_from_type
                0x08005dec       0x40 ..\obj\cipher.o
                0x08005dec                mbedtls_cipher_info_from_type
 .text.mbedtls_cipher_info_from_values
                0x08005e2c       0x60 ..\obj\cipher.o
                0x08005e2c                mbedtls_cipher_info_from_values
 .text.mbedtls_cipher_init
                0x08005e8c       0x1a ..\obj\cipher.o
                0x08005e8c                mbedtls_cipher_init
 .text.mbedtls_cipher_free
                0x08005ea6       0x38 ..\obj\cipher.o
                0x08005ea6                mbedtls_cipher_free
 *fill*         0x08005ede        0x2 
 .text.mbedtls_cipher_setup
                0x08005ee0       0x60 ..\obj\cipher.o
                0x08005ee0                mbedtls_cipher_setup
 .text.mbedtls_cipher_setkey
                0x08005f40       0xb0 ..\obj\cipher.o
                0x08005f40                mbedtls_cipher_setkey
 .text.mbedtls_cipher_set_iv
                0x08005ff0       0x7c ..\obj\cipher.o
                0x08005ff0                mbedtls_cipher_set_iv
 .text.mbedtls_cipher_reset
                0x0800606c       0x30 ..\obj\cipher.o
                0x0800606c                mbedtls_cipher_reset
 .text.mbedtls_cipher_update
                0x0800609c      0x280 ..\obj\cipher.o
                0x0800609c                mbedtls_cipher_update
 .text.get_no_padding
                0x0800631c       0x34 ..\obj\cipher.o
 .text.mbedtls_cipher_finish
                0x08006350      0x170 ..\obj\cipher.o
                0x08006350                mbedtls_cipher_finish
 .text.mbedtls_cipher_set_padding_mode
                0x080064c0       0x50 ..\obj\cipher.o
                0x080064c0                mbedtls_cipher_set_padding_mode
 .text.mbedtls_cipher_crypt
                0x08006510       0x88 ..\obj\cipher.o
                0x08006510                mbedtls_cipher_crypt
 .text.mbedtls_cipher_auth_encrypt
                0x08006598       0x5c ..\obj\cipher.o
                0x08006598                mbedtls_cipher_auth_encrypt
 .text.mbedtls_cipher_auth_decrypt
                0x080065f4       0x68 ..\obj\cipher.o
                0x080065f4                mbedtls_cipher_auth_decrypt
 .text.W5100SInitialze
                0x0800665c       0x80 ..\obj\W5100SRelFunctions.o
                0x0800665c                W5100SInitialze
 .text.resetAssert
                0x080066dc       0x18 ..\obj\W5100SRelFunctions.o
                0x080066dc                resetAssert
 .text.resetDeassert
                0x080066f4       0x18 ..\obj\W5100SRelFunctions.o
                0x080066f4                resetDeassert
 .text.FSMC_NORSRAMInit
                0x0800670c      0x13c ..\obj\stm32f10x_fsmc.o
                0x0800670c                FSMC_NORSRAMInit
 .text.FSMC_NORSRAMCmd
                0x08006848       0x54 ..\obj\stm32f10x_fsmc.o
                0x08006848                FSMC_NORSRAMCmd
 .text.GPIO_Init
                0x0800689c      0x178 ..\obj\stm32f10x_gpio.o
                0x0800689c                GPIO_Init
 .text.GPIO_SetBits
                0x08006a14       0x1c ..\obj\stm32f10x_gpio.o
                0x08006a14                GPIO_SetBits
 .text.GPIO_ResetBits
                0x08006a30       0x1c ..\obj\stm32f10x_gpio.o
                0x08006a30                GPIO_ResetBits
 .text.GPIO_WriteBit
                0x08006a4c       0x2e ..\obj\stm32f10x_gpio.o
                0x08006a4c                GPIO_WriteBit
 *fill*         0x08006a7a        0x2 
 .text.mbedtls_base64_decode
                0x08006a7c      0x238 ..\obj\base64.o
                0x08006a7c                mbedtls_base64_decode
 .text.mbedtls_zeroize
                0x08006cb4       0x2e ..\obj\x509_crt.o
 .text.x509_profile_check_md_alg
                0x08006ce2       0x32 ..\obj\x509_crt.o
 .text.x509_profile_check_pk_alg
                0x08006d14       0x32 ..\obj\x509_crt.o
 .text.x509_profile_check_key
                0x08006d46       0x40 ..\obj\x509_crt.o
 *fill*         0x08006d86        0x2 
 .text.x509_get_version
                0x08006d88       0x78 ..\obj\x509_crt.o
 .text.x509_get_dates
                0x08006e00       0x80 ..\obj\x509_crt.o
 .text.x509_get_uid
                0x08006e80       0x72 ..\obj\x509_crt.o
 *fill*         0x08006ef2        0x2 
 .text.x509_get_basic_constraints
                0x08006ef4       0xd8 ..\obj\x509_crt.o
 .text.x509_get_ns_cert_type
                0x08006fcc       0x58 ..\obj\x509_crt.o
 .text.x509_get_key_usage
                0x08007024       0x8c ..\obj\x509_crt.o
 .text.x509_get_ext_key_usage
                0x080070b0       0x44 ..\obj\x509_crt.o
 .text.x509_get_subject_alt_name
                0x080070f4      0x13c ..\obj\x509_crt.o
 .text.x509_get_crt_ext
                0x08007230      0x264 ..\obj\x509_crt.o
 .text.x509_crt_parse_der_core
                0x08007494      0x46c ..\obj\x509_crt.o
 .text.mbedtls_x509_crt_parse_der
                0x08007900       0xd4 ..\obj\x509_crt.o
                0x08007900                mbedtls_x509_crt_parse_der
 .text.mbedtls_x509_crt_parse
                0x080079d4      0x168 ..\obj\x509_crt.o
                0x080079d4                mbedtls_x509_crt_parse
 .text.x509_info_subject_alt_name
                0x08007b3c       0xd8 ..\obj\x509_crt.o
 .text.x509_info_cert_type
                0x08007c14      0x250 ..\obj\x509_crt.o
 .text.x509_info_key_usage
                0x08007e64      0x290 ..\obj\x509_crt.o
 .text.x509_info_ext_key_usage
                0x080080f4       0xa8 ..\obj\x509_crt.o
 .text.mbedtls_x509_crt_info
                0x0800819c      0x600 ..\obj\x509_crt.o
                0x0800819c                mbedtls_x509_crt_info
 .text.x509_memcasecmp
                0x0800879c       0x90 ..\obj\x509_crt.o
 .text.x509_check_wildcard
                0x0800882c       0xa8 ..\obj\x509_crt.o
 .text.x509_string_cmp
                0x080088d4       0x92 ..\obj\x509_crt.o
 .text.x509_name_cmp
                0x08008966       0xa6 ..\obj\x509_crt.o
 .text.x509_crt_check_parent
                0x08008a0c       0x96 ..\obj\x509_crt.o
 .text.x509_crt_verify_top
                0x08008aa2      0x2ba ..\obj\x509_crt.o
 .text.x509_crt_verify_child
                0x08008d5c      0x2d4 ..\obj\x509_crt.o
 .text.mbedtls_x509_crt_verify_with_profile
                0x08009030      0x2ec ..\obj\x509_crt.o
                0x08009030                mbedtls_x509_crt_verify_with_profile
 .text.mbedtls_x509_crt_init
                0x0800931c       0x1c ..\obj\x509_crt.o
                0x0800931c                mbedtls_x509_crt_init
 .text.mbedtls_x509_crt_free
                0x08009338      0x124 ..\obj\x509_crt.o
                0x08009338                mbedtls_x509_crt_free
 .text.mbedtls_mpi_zeroize
                0x0800945c       0x2e ..\obj\bignum.o
 .text.mbedtls_zeroize
                0x0800948a       0x2e ..\obj\bignum.o
 .text.mbedtls_mpi_init
                0x080094b8       0x2c ..\obj\bignum.o
                0x080094b8                mbedtls_mpi_init
 .text.mbedtls_mpi_free
                0x080094e4       0x4c ..\obj\bignum.o
                0x080094e4                mbedtls_mpi_free
 .text.mbedtls_mpi_grow
                0x08009530       0x86 ..\obj\bignum.o
                0x08009530                mbedtls_mpi_grow
 .text.mbedtls_mpi_copy
                0x080095b6       0xa2 ..\obj\bignum.o
                0x080095b6                mbedtls_mpi_copy
 .text.mbedtls_mpi_lset
                0x08009658       0x5c ..\obj\bignum.o
                0x08009658                mbedtls_mpi_lset
 .text.mbedtls_mpi_get_bit
                0x080096b4       0x40 ..\obj\bignum.o
                0x080096b4                mbedtls_mpi_get_bit
 .text.mbedtls_mpi_lsb
                0x080096f4       0x64 ..\obj\bignum.o
                0x080096f4                mbedtls_mpi_lsb
 .text.mbedtls_clz
                0x08009758       0x40 ..\obj\bignum.o
 .text.mbedtls_mpi_bitlen
                0x08009798       0x68 ..\obj\bignum.o
                0x08009798                mbedtls_mpi_bitlen
 .text.mbedtls_mpi_size
                0x08009800       0x1c ..\obj\bignum.o
                0x08009800                mbedtls_mpi_size
 .text.mbedtls_mpi_read_binary
                0x0800981c       0xbc ..\obj\bignum.o
                0x0800981c                mbedtls_mpi_read_binary
 .text.mbedtls_mpi_write_binary
                0x080098d8       0x7e ..\obj\bignum.o
                0x080098d8                mbedtls_mpi_write_binary
 .text.mbedtls_mpi_shift_l
                0x08009956      0x14a ..\obj\bignum.o
                0x08009956                mbedtls_mpi_shift_l
 .text.mbedtls_mpi_shift_r
                0x08009aa0      0x136 ..\obj\bignum.o
                0x08009aa0                mbedtls_mpi_shift_r
 .text.mbedtls_mpi_cmp_abs
                0x08009bd6      0x102 ..\obj\bignum.o
                0x08009bd6                mbedtls_mpi_cmp_abs
 .text.mbedtls_mpi_cmp_mpi
                0x08009cd8      0x134 ..\obj\bignum.o
                0x08009cd8                mbedtls_mpi_cmp_mpi
 .text.mbedtls_mpi_cmp_int
                0x08009e0c       0x44 ..\obj\bignum.o
                0x08009e0c                mbedtls_mpi_cmp_int
 .text.mbedtls_mpi_add_abs
                0x08009e50      0x168 ..\obj\bignum.o
                0x08009e50                mbedtls_mpi_add_abs
 .text.mpi_sub_hlp
                0x08009fb8       0xb6 ..\obj\bignum.o
 .text.mbedtls_mpi_sub_abs
                0x0800a06e       0xc8 ..\obj\bignum.o
                0x0800a06e                mbedtls_mpi_sub_abs
 .text.mbedtls_mpi_add_mpi
                0x0800a136       0x94 ..\obj\bignum.o
                0x0800a136                mbedtls_mpi_add_mpi
 .text.mbedtls_mpi_sub_mpi
                0x0800a1ca       0x94 ..\obj\bignum.o
                0x0800a1ca                mbedtls_mpi_sub_mpi
 .text.mbedtls_mpi_add_int
                0x0800a25e       0x48 ..\obj\bignum.o
                0x0800a25e                mbedtls_mpi_add_int
 .text.mbedtls_mpi_sub_int
                0x0800a2a6       0x48 ..\obj\bignum.o
                0x0800a2a6                mbedtls_mpi_sub_int
 .text.mpi_mul_hlp
                0x0800a2ee      0xec2 ..\obj\bignum.o
 .text.mbedtls_mpi_mul_mpi
                0x0800b1b0      0x168 ..\obj\bignum.o
                0x0800b1b0                mbedtls_mpi_mul_mpi
 .text.mbedtls_mpi_mul_int
                0x0800b318       0x36 ..\obj\bignum.o
                0x0800b318                mbedtls_mpi_mul_int
 .text.mbedtls_int_div_int
                0x0800b34e       0xb6 ..\obj\bignum.o
 .text.mbedtls_mpi_div_mpi
                0x0800b404      0x5ae ..\obj\bignum.o
                0x0800b404                mbedtls_mpi_div_mpi
 .text.mbedtls_mpi_mod_mpi
                0x0800b9b2       0x8e ..\obj\bignum.o
                0x0800b9b2                mbedtls_mpi_mod_mpi
 .text.mpi_montg_init
                0x0800ba40       0x5e ..\obj\bignum.o
 .text.mpi_montmul
                0x0800ba9e      0x112 ..\obj\bignum.o
 .text.mpi_montred
                0x0800bbb0       0x3c ..\obj\bignum.o
 .text.mbedtls_mpi_exp_mod
                0x0800bbec      0x844 ..\obj\bignum.o
                0x0800bbec                mbedtls_mpi_exp_mod
 .text.mbedtls_mpi_gcd
                0x0800c430      0x1ec ..\obj\bignum.o
                0x0800c430                mbedtls_mpi_gcd
 .text.mbedtls_mpi_fill_random
                0x0800c61c       0x8a ..\obj\bignum.o
                0x0800c61c                mbedtls_mpi_fill_random
 .text.mbedtls_mpi_inv_mod
                0x0800c6a6      0x4a6 ..\obj\bignum.o
                0x0800c6a6                mbedtls_mpi_inv_mod
 .text.delay100ms
                0x0800cb4c       0x2c ..\obj\main.o
                0x0800cb4c                delay100ms
 .text.print_network_information
                0x0800cb78       0xe0 ..\obj\main.o
                0x0800cb78                print_network_information
 .text.main     0x0800cc58       0x98 ..\obj\main.o
                0x0800cc58                main
 .text.mbedtls_zeroize
                0x0800ccf0       0x2e ..\obj\sha256.o
 .text.mbedtls_sha256_init
                0x0800cd1e       0x1a ..\obj\sha256.o
                0x0800cd1e                mbedtls_sha256_init
 .text.mbedtls_sha256_free
                0x0800cd38       0x20 ..\obj\sha256.o
                0x0800cd38                mbedtls_sha256_free
 .text.mbedtls_sha256_clone
                0x0800cd58       0x22 ..\obj\sha256.o
                0x0800cd58                mbedtls_sha256_clone
 *fill*         0x0800cd7a        0x2 
 .text.mbedtls_sha256_starts_ret
                0x0800cd7c       0xd0 ..\obj\sha256.o
                0x0800cd7c                mbedtls_sha256_starts_ret
 .text.mbedtls_internal_sha256_process
                0x0800ce4c     0x1420 ..\obj\sha256.o
                0x0800ce4c                mbedtls_internal_sha256_process
 .text.mbedtls_sha256_update_ret
                0x0800e26c       0xea ..\obj\sha256.o
                0x0800e26c                mbedtls_sha256_update_ret
 *fill*         0x0800e356        0x2 
 .text.mbedtls_sha256_finish_ret
                0x0800e358      0x274 ..\obj\sha256.o
                0x0800e358                mbedtls_sha256_finish_ret
 .text.mbedtls_sha256_ret
                0x0800e5cc       0x70 ..\obj\sha256.o
                0x0800e5cc                mbedtls_sha256_ret
 .text.wizchip_cris_enter
                0x0800e63c        0xc ..\obj\wizchip_conf.o
                0x0800e63c                wizchip_cris_enter
 .text.wizchip_cris_exit
                0x0800e648        0xc ..\obj\wizchip_conf.o
                0x0800e648                wizchip_cris_exit
 .text.wizchip_cs_select
                0x0800e654        0xc ..\obj\wizchip_conf.o
                0x0800e654                wizchip_cs_select
 .text.wizchip_cs_deselect
                0x0800e660        0xc ..\obj\wizchip_conf.o
                0x0800e660                wizchip_cs_deselect
 .text.wizchip_bus_readdata
                0x0800e66c       0x18 ..\obj\wizchip_conf.o
                0x0800e66c                wizchip_bus_readdata
 .text.wizchip_bus_writedata
                0x0800e684       0x1c ..\obj\wizchip_conf.o
                0x0800e684                wizchip_bus_writedata
 .text.ctlwizchip
                0x0800e6a0      0x170 ..\obj\wizchip_conf.o
                0x0800e6a0                ctlwizchip
 .text.wizchip_sw_reset
                0x0800e810       0xaa ..\obj\wizchip_conf.o
                0x0800e810                wizchip_sw_reset
 .text.wizchip_init
                0x0800e8ba      0x1a8 ..\obj\wizchip_conf.o
                0x0800e8ba                wizchip_init
 .text.wizchip_clrinterrupt
                0x0800ea62       0x46 ..\obj\wizchip_conf.o
                0x0800ea62                wizchip_clrinterrupt
 .text.wizchip_getinterrupt
                0x0800eaa8       0x4c ..\obj\wizchip_conf.o
                0x0800eaa8                wizchip_getinterrupt
 .text.wizchip_setinterruptmask
                0x0800eaf4       0x40 ..\obj\wizchip_conf.o
                0x0800eaf4                wizchip_setinterruptmask
 .text.wizchip_getinterruptmask
                0x0800eb34       0x48 ..\obj\wizchip_conf.o
                0x0800eb34                wizchip_getinterruptmask
 .text.wizphy_getphylink
                0x0800eb7c       0x2c ..\obj\wizchip_conf.o
                0x0800eb7c                wizphy_getphylink
 .text.wizphy_getphypmode
                0x0800eba8       0x1c ..\obj\wizchip_conf.o
                0x0800eba8                wizphy_getphypmode
 .text.wizphy_reset
                0x0800ebc4       0x3e ..\obj\wizchip_conf.o
                0x0800ebc4                wizphy_reset
 .text.wizphy_setphyconf
                0x0800ec02       0x72 ..\obj\wizchip_conf.o
                0x0800ec02                wizphy_setphyconf
 .text.wizphy_getphyconf
                0x0800ec74       0x6c ..\obj\wizchip_conf.o
                0x0800ec74                wizphy_getphyconf
 .text.wizphy_setphypmode
                0x0800ece0       0x72 ..\obj\wizchip_conf.o
                0x0800ece0                wizphy_setphypmode
 *fill*         0x0800ed52        0x2 
 .text.wizchip_setnetinfo
                0x0800ed54       0x78 ..\obj\wizchip_conf.o
                0x0800ed54                wizchip_setnetinfo
 .text.wizchip_getnetinfo
                0x0800edcc       0x78 ..\obj\wizchip_conf.o
                0x0800edcc                wizchip_getnetinfo
 .text.rsa_can_do
                0x0800ee44       0x26 ..\obj\pk_wrap.o
 .text.rsa_get_bitlen
                0x0800ee6a       0x1e ..\obj\pk_wrap.o
 .text.rsa_verify_wrap
                0x0800ee88       0x70 ..\obj\pk_wrap.o
 .text.rsa_sign_wrap
                0x0800eef8       0x46 ..\obj\pk_wrap.o
 *fill*         0x0800ef3e        0x2 
 .text.rsa_decrypt_wrap
                0x0800ef40       0x50 ..\obj\pk_wrap.o
 .text.rsa_encrypt_wrap
                0x0800ef90       0x54 ..\obj\pk_wrap.o
 .text.rsa_check_pair_wrap
                0x0800efe4       0x1c ..\obj\pk_wrap.o
 .text.rsa_alloc_wrap
                0x0800f000       0x2c ..\obj\pk_wrap.o
 .text.rsa_free_wrap
                0x0800f02c       0x1c ..\obj\pk_wrap.o
 .text.rsa_debug
                0x0800f048       0x50 ..\obj\pk_wrap.o
 .text.sha224_starts_wrap
                0x0800f098       0x1a ..\obj\md_wrap.o
 .text.sha224_update_wrap
                0x0800f0b2       0x20 ..\obj\md_wrap.o
 .text.sha224_finish_wrap
                0x0800f0d2       0x1c ..\obj\md_wrap.o
 .text.sha224_wrap
                0x0800f0ee       0x22 ..\obj\md_wrap.o
 .text.sha224_ctx_alloc
                0x0800f110       0x28 ..\obj\md_wrap.o
 .text.sha224_ctx_free
                0x0800f138       0x1c ..\obj\md_wrap.o
 .text.sha224_clone_wrap
                0x0800f154       0x1a ..\obj\md_wrap.o
 .text.sha224_process_wrap
                0x0800f16e       0x1c ..\obj\md_wrap.o
 .text.sha256_starts_wrap
                0x0800f18a       0x1a ..\obj\md_wrap.o
 .text.sha256_wrap
                0x0800f1a4       0x22 ..\obj\md_wrap.o
 *fill*         0x0800f1c6        0x2 
 .text.RCC_GetClocksFreq
                0x0800f1c8      0x168 ..\obj\stm32f10x_rcc.o
                0x0800f1c8                RCC_GetClocksFreq
 .text.RCC_AHBPeriphClockCmd
                0x0800f330       0x3c ..\obj\stm32f10x_rcc.o
                0x0800f330                RCC_AHBPeriphClockCmd
 .text.RCC_APB2PeriphClockCmd
                0x0800f36c       0x3c ..\obj\stm32f10x_rcc.o
                0x0800f36c                RCC_APB2PeriphClockCmd
 .text.RCC_APB1PeriphClockCmd
                0x0800f3a8       0x3c ..\obj\stm32f10x_rcc.o
                0x0800f3a8                RCC_APB1PeriphClockCmd
 .text.mbedtls_zeroize
                0x0800f3e4       0x2e ..\obj\pem.o
 .text.mbedtls_pem_init
                0x0800f412       0x1a ..\obj\pem.o
                0x0800f412                mbedtls_pem_init
 .text.mbedtls_pem_read_buffer
                0x0800f42c      0x1bc ..\obj\pem.o
                0x0800f42c                mbedtls_pem_read_buffer
 .text.mbedtls_pem_free
                0x0800f5e8       0x44 ..\obj\pem.o
                0x0800f5e8                mbedtls_pem_free
 .text.oid_x520_attr_from_asn1
                0x0800f62c       0x68 ..\obj\oid.o
 .text.mbedtls_oid_get_attr_short_name
                0x0800f694       0x30 ..\obj\oid.o
                0x0800f694                mbedtls_oid_get_attr_short_name
 .text.oid_x509_ext_from_asn1
                0x0800f6c4       0x68 ..\obj\oid.o
 .text.mbedtls_oid_get_x509_ext_type
                0x0800f72c       0x30 ..\obj\oid.o
                0x0800f72c                mbedtls_oid_get_x509_ext_type
 .text.oid_ext_key_usage_from_asn1
                0x0800f75c       0x68 ..\obj\oid.o
 .text.mbedtls_oid_get_extended_key_usage
                0x0800f7c4       0x30 ..\obj\oid.o
                0x0800f7c4                mbedtls_oid_get_extended_key_usage
 .text.oid_sig_alg_from_asn1
                0x0800f7f4       0x68 ..\obj\oid.o
 .text.mbedtls_oid_get_sig_alg_desc
                0x0800f85c       0x30 ..\obj\oid.o
                0x0800f85c                mbedtls_oid_get_sig_alg_desc
 .text.mbedtls_oid_get_sig_alg
                0x0800f88c       0x3a ..\obj\oid.o
                0x0800f88c                mbedtls_oid_get_sig_alg
 *fill*         0x0800f8c6        0x2 
 .text.oid_pk_alg_from_asn1
                0x0800f8c8       0x68 ..\obj\oid.o
 .text.mbedtls_oid_get_pk_alg
                0x0800f930       0x30 ..\obj\oid.o
                0x0800f930                mbedtls_oid_get_pk_alg
 .text.mbedtls_oid_get_oid_by_md
                0x0800f960       0x54 ..\obj\oid.o
                0x0800f960                mbedtls_oid_get_oid_by_md
 .text.mbedtls_ssl_list_ciphersuites
                0x0800f9b4       0x14 ..\obj\ssl_ciphersuites.o
                0x0800f9b4                mbedtls_ssl_list_ciphersuites
 .text.mbedtls_ssl_ciphersuite_from_id
                0x0800f9c8       0x3c ..\obj\ssl_ciphersuites.o
                0x0800f9c8                mbedtls_ssl_ciphersuite_from_id
 .text.mbedtls_ssl_get_ciphersuite_name
                0x0800fa04       0x2c ..\obj\ssl_ciphersuites.o
                0x0800fa04                mbedtls_ssl_get_ciphersuite_name
 .text.mbedtls_zeroize
                0x0800fa30       0x2e ..\obj\aes.o
 *fill*         0x0800fa5e        0x2 
 .text.aes_gen_tables
                0x0800fa60      0x410 ..\obj\aes.o
 .text.mbedtls_aes_init
                0x0800fe70       0x1c ..\obj\aes.o
                0x0800fe70                mbedtls_aes_init
 .text.mbedtls_aes_free
                0x0800fe8c       0x22 ..\obj\aes.o
                0x0800fe8c                mbedtls_aes_free
 *fill*         0x0800feae        0x2 
 .text.mbedtls_aes_setkey_enc
                0x0800feb0      0x3ac ..\obj\aes.o
                0x0800feb0                mbedtls_aes_setkey_enc
 .text.mbedtls_aes_setkey_dec
                0x0801025c      0x22c ..\obj\aes.o
                0x0801025c                mbedtls_aes_setkey_dec
 .text.mbedtls_internal_aes_encrypt
                0x08010488      0x5c4 ..\obj\aes.o
                0x08010488                mbedtls_internal_aes_encrypt
 .text.mbedtls_internal_aes_decrypt
                0x08010a4c      0x5c4 ..\obj\aes.o
                0x08010a4c                mbedtls_internal_aes_decrypt
 .text.mbedtls_aes_crypt_ecb
                0x08011010       0x36 ..\obj\aes.o
                0x08011010                mbedtls_aes_crypt_ecb
 .text.mbedtls_aes_crypt_cbc
                0x08011046      0x102 ..\obj\aes.o
                0x08011046                mbedtls_aes_crypt_cbc
 .text.USART_Init
                0x08011148      0x174 ..\obj\stm32f10x_usart.o
                0x08011148                USART_Init
 .text.USART_Cmd
                0x080112bc       0x3e ..\obj\stm32f10x_usart.o
                0x080112bc                USART_Cmd
 .text.USART_SendData
                0x080112fa       0x22 ..\obj\stm32f10x_usart.o
                0x080112fa                USART_SendData
 .text.USART_GetFlagStatus
                0x0801131c       0x36 ..\obj\stm32f10x_usart.o
                0x0801131c                USART_GetFlagStatus
 .text.USART_ClearFlag
                0x08011352       0x20 ..\obj\stm32f10x_usart.o
                0x08011352                USART_ClearFlag
 *fill*         0x08011372        0x2 
 .text.mbedtls_strerror
                0x08011374      0xd94 ..\obj\error.o
                0x08011374                mbedtls_strerror
 .text.mbedtls_ssl_ciphersuite_cert_req_allowed
                0x08012108       0x50 ..\obj\ssl_cli.o
 .text.mbedtls_ssl_own_key
                0x08012158       0x44 ..\obj\ssl_cli.o
 .text.mbedtls_ssl_own_cert
                0x0801219c       0x44 ..\obj\ssl_cli.o
 .text.mbedtls_ssl_hs_hdr_len
                0x080121e0       0x14 ..\obj\ssl_cli.o
 .text.ssl_write_signature_algorithms_ext
                0x080121f4      0x140 ..\obj\ssl_cli.o
 .text.ssl_generate_random
                0x08012334       0x5c ..\obj\ssl_cli.o
 .text.ssl_write_client_hello
                0x08012390      0x49c ..\obj\ssl_cli.o
 .text.ssl_parse_renegotiation_info
                0x0801282c       0x58 ..\obj\ssl_cli.o
 .text.ssl_parse_server_hello
                0x08012884      0x790 ..\obj\ssl_cli.o
 .text.ssl_write_encrypted_pms
                0x08013014      0x1d8 ..\obj\ssl_cli.o
 .text.ssl_parse_server_key_exchange
                0x080131ec      0x188 ..\obj\ssl_cli.o
 .text.ssl_parse_certificate_request
                0x08013374      0x2d8 ..\obj\ssl_cli.o
 .text.ssl_parse_server_hello_done
                0x0801364c       0xdc ..\obj\ssl_cli.o
 .text.ssl_write_client_key_exchange
                0x08013728       0xe4 ..\obj\ssl_cli.o
 .text.ssl_write_certificate_verify
                0x0801380c      0x2a8 ..\obj\ssl_cli.o
 .text.mbedtls_ssl_handshake_client_step
                0x08013ab4      0x180 ..\obj\ssl_cli.o
                0x08013ab4                mbedtls_ssl_handshake_client_step
 .text.mbedtls_x509_get_serial
                0x08013c34       0x8c ..\obj\x509.o
                0x08013c34                mbedtls_x509_get_serial
 .text.mbedtls_x509_get_alg
                0x08013cc0       0x34 ..\obj\x509.o
                0x08013cc0                mbedtls_x509_get_alg
 .text.x509_get_attr_type_value
                0x08013cf4      0x13c ..\obj\x509.o
 .text.mbedtls_x509_get_name
                0x08013e30       0xc0 ..\obj\x509.o
                0x08013e30                mbedtls_x509_get_name
 .text.x509_parse_int
                0x08013ef0       0x74 ..\obj\x509.o
 .text.x509_date_is_valid
                0x08013f64      0x12c ..\obj\x509.o
 .text.x509_parse_time
                0x08014090      0x144 ..\obj\x509.o
 .text.mbedtls_x509_get_time
                0x080141d4       0x88 ..\obj\x509.o
                0x080141d4                mbedtls_x509_get_time
 .text.mbedtls_x509_get_sig
                0x0801425c       0x70 ..\obj\x509.o
                0x0801425c                mbedtls_x509_get_sig
 .text.mbedtls_x509_get_sig_alg
                0x080142cc       0x64 ..\obj\x509.o
                0x080142cc                mbedtls_x509_get_sig_alg
 .text.mbedtls_x509_get_ext
                0x08014330       0x98 ..\obj\x509.o
                0x08014330                mbedtls_x509_get_ext
 .text.mbedtls_x509_dn_gets
                0x080143c8      0x264 ..\obj\x509.o
                0x080143c8                mbedtls_x509_dn_gets
 .text.mbedtls_x509_serial_gets
                0x0801462c      0x100 ..\obj\x509.o
                0x0801462c                mbedtls_x509_serial_gets
 .text.mbedtls_x509_sig_alg_gets
                0x0801472c       0x88 ..\obj\x509.o
                0x0801472c                mbedtls_x509_sig_alg_gets
 .text.mbedtls_x509_key_size_helper
                0x080147b4       0x58 ..\obj\x509.o
                0x080147b4                mbedtls_x509_key_size_helper
 .text.mbedtls_x509_time_is_past
                0x0801480c       0x14 ..\obj\x509.o
                0x0801480c                mbedtls_x509_time_is_past
 .text.mbedtls_x509_time_is_future
                0x08014820       0x14 ..\obj\x509.o
                0x08014820                mbedtls_x509_time_is_future
 .text.SSLRandomCB
                0x08014834       0x6c ..\obj\SSL_Random.o
                0x08014834                SSLRandomCB
 .text._sbrk    0x080148a0       0x3c ..\obj\syscalls.o
                0x080148a0                _sbrk
 .text._close   0x080148dc       0x16 ..\obj\syscalls.o
                0x080148dc                _close
 .text._fstat   0x080148f2       0x1e ..\obj\syscalls.o
                0x080148f2                _fstat
 .text._isatty  0x08014910       0x14 ..\obj\syscalls.o
                0x08014910                _isatty
 .text._lseek   0x08014924       0x18 ..\obj\syscalls.o
                0x08014924                _lseek
 .text._read    0x0801493c       0x18 ..\obj\syscalls.o
                0x0801493c                _read
 .text._write   0x08014954       0x5c ..\obj\syscalls.o
                0x08014954                _write
 .text.mbedtls_rsa_deduce_primes
                0x080149b0      0x30c ..\obj\rsa_internal.o
                0x080149b0                mbedtls_rsa_deduce_primes
 .text.mbedtls_rsa_deduce_private_exponent
                0x08014cbc      0x12c ..\obj\rsa_internal.o
                0x08014cbc                mbedtls_rsa_deduce_private_exponent
 .text.mbedtls_rsa_validate_crt
                0x08014de8      0x1ec ..\obj\rsa_internal.o
                0x08014de8                mbedtls_rsa_validate_crt
 .text.mbedtls_rsa_validate_params
                0x08014fd4      0x254 ..\obj\rsa_internal.o
                0x08014fd4                mbedtls_rsa_validate_params
 .text.mbedtls_rsa_deduce_crt
                0x08015228       0xbe ..\obj\rsa_internal.o
                0x08015228                mbedtls_rsa_deduce_crt
 .text.mbedtls_zeroize
                0x080152e6       0x2e ..\obj\asn1parse.o
 .text.mbedtls_asn1_get_len
                0x08015314      0x184 ..\obj\asn1parse.o
                0x08015314                mbedtls_asn1_get_len
 .text.mbedtls_asn1_get_tag
                0x08015498       0x52 ..\obj\asn1parse.o
                0x08015498                mbedtls_asn1_get_tag
 .text.mbedtls_asn1_get_bool
                0x080154ea       0x5c ..\obj\asn1parse.o
                0x080154ea                mbedtls_asn1_get_bool
 .text.mbedtls_asn1_get_int
                0x08015546       0x7c ..\obj\asn1parse.o
                0x08015546                mbedtls_asn1_get_int
 .text.mbedtls_asn1_get_bitstring
                0x080155c2       0x8e ..\obj\asn1parse.o
                0x080155c2                mbedtls_asn1_get_bitstring
 .text.mbedtls_asn1_get_bitstring_null
                0x08015650       0x52 ..\obj\asn1parse.o
                0x08015650                mbedtls_asn1_get_bitstring_null
 .text.mbedtls_asn1_get_sequence_of
                0x080156a2       0xd4 ..\obj\asn1parse.o
                0x080156a2                mbedtls_asn1_get_sequence_of
 .text.mbedtls_asn1_get_alg
                0x08015776       0xf6 ..\obj\asn1parse.o
                0x08015776                mbedtls_asn1_get_alg
 .text.gcm_ctx_alloc
                0x0801586c       0x2a ..\obj\cipher_wrap.o
 .text.gcm_ctx_free
                0x08015896       0x1c ..\obj\cipher_wrap.o
 .text.aes_crypt_ecb_wrap
                0x080158b2       0x28 ..\obj\cipher_wrap.o
 .text.aes_crypt_cbc_wrap
                0x080158da       0x30 ..\obj\cipher_wrap.o
 .text.aes_setkey_dec_wrap
                0x0801590a       0x20 ..\obj\cipher_wrap.o
 .text.aes_setkey_enc_wrap
                0x0801592a       0x20 ..\obj\cipher_wrap.o
 .text.aes_ctx_alloc
                0x0801594a       0x2e ..\obj\cipher_wrap.o
 .text.aes_ctx_free
                0x08015978       0x1c ..\obj\cipher_wrap.o
 .text.gcm_aes_setkey_wrap
                0x08015994       0x22 ..\obj\cipher_wrap.o
 *fill*         0x080159b6        0x2 
 .text.WIZCHIP_WRITE
                0x080159b8       0x68 ..\obj\w5100s.o
                0x080159b8                WIZCHIP_WRITE
 .text.WIZCHIP_READ
                0x08015a20       0x64 ..\obj\w5100s.o
                0x08015a20                WIZCHIP_READ
 .text.WIZCHIP_WRITE_BUF
                0x08015a84       0xac ..\obj\w5100s.o
                0x08015a84                WIZCHIP_WRITE_BUF
 .text.WIZCHIP_READ_BUF
                0x08015b30       0xac ..\obj\w5100s.o
                0x08015b30                WIZCHIP_READ_BUF
 .text.getSn_TX_FSR
                0x08015bdc       0x86 ..\obj\w5100s.o
                0x08015bdc                getSn_TX_FSR
 .text.getSn_RX_RSR
                0x08015c62       0x86 ..\obj\w5100s.o
                0x08015c62                getSn_RX_RSR
 .text.getSn_RxBASE
                0x08015ce8       0x6c ..\obj\w5100s.o
                0x08015ce8                getSn_RxBASE
 .text.getSn_TxBASE
                0x08015d54       0x6c ..\obj\w5100s.o
                0x08015d54                getSn_TxBASE
 .text.wiz_send_data
                0x08015dc0      0x172 ..\obj\w5100s.o
                0x08015dc0                wiz_send_data
 .text.wiz_recv_data
                0x08015f32      0x16c ..\obj\w5100s.o
                0x08015f32                wiz_recv_data
 .text.wiz_mdio_write
                0x0801609e       0x54 ..\obj\w5100s.o
                0x0801609e                wiz_mdio_write
 .text.wiz_mdio_read
                0x080160f2       0x4e ..\obj\w5100s.o
                0x080160f2                wiz_mdio_read
 .text.mbedtls_debug_set_threshold
                0x08016140       0x1c ..\obj\debug.o
                0x08016140                mbedtls_debug_set_threshold
 .text.debug_send_line
                0x0801615c       0x2e ..\obj\debug.o
 *fill*         0x0801618a        0x2 
 .text.mbedtls_debug_print_msg
                0x0801618c       0xcc ..\obj\debug.o
                0x0801618c                mbedtls_debug_print_msg
 .text.mbedtls_debug_print_ret
                0x08016258       0xa4 ..\obj\debug.o
                0x08016258                mbedtls_debug_print_ret
 .text.mbedtls_debug_print_buf
                0x080162fc      0x278 ..\obj\debug.o
                0x080162fc                mbedtls_debug_print_buf
 .text.mbedtls_debug_print_mpi
                0x08016574      0x2f0 ..\obj\debug.o
                0x08016574                mbedtls_debug_print_mpi
 .text.debug_print_pk
                0x08016864       0xfc ..\obj\debug.o
 .text.debug_print_line_by_line
                0x08016960       0xc0 ..\obj\debug.o
 .text.mbedtls_debug_print_crt
                0x08016a20      0x11c ..\obj\debug.o
                0x08016a20                mbedtls_debug_print_crt
 .text.mbedtls_zeroize
                0x08016b3c       0x2e ..\obj\gcm.o
 .text.mbedtls_gcm_init
                0x08016b6a       0x1c ..\obj\gcm.o
                0x08016b6a                mbedtls_gcm_init
 .text.gcm_gen_table
                0x08016b86      0x266 ..\obj\gcm.o
 .text.mbedtls_gcm_setkey
                0x08016dec       0x8a ..\obj\gcm.o
                0x08016dec                mbedtls_gcm_setkey
 *fill*         0x08016e76        0x2 
 .text.gcm_mult
                0x08016e78      0x36c ..\obj\gcm.o
 .text.mbedtls_gcm_starts
                0x080171e4      0x270 ..\obj\gcm.o
                0x080171e4                mbedtls_gcm_starts
 .text.mbedtls_gcm_update
                0x08017454      0x1f2 ..\obj\gcm.o
                0x08017454                mbedtls_gcm_update
 .text.mbedtls_gcm_finish
                0x08017646      0x252 ..\obj\gcm.o
                0x08017646                mbedtls_gcm_finish
 .text.mbedtls_gcm_crypt_and_tag
                0x08017898       0x66 ..\obj\gcm.o
                0x08017898                mbedtls_gcm_crypt_and_tag
 .text.mbedtls_gcm_auth_decrypt
                0x080178fe       0x98 ..\obj\gcm.o
                0x080178fe                mbedtls_gcm_auth_decrypt
 .text.mbedtls_gcm_free
                0x08017996       0x22 ..\obj\gcm.o
                0x08017996                mbedtls_gcm_free
 .text.WIZnetRecv
                0x080179b8       0x28 ..\obj\SSLInterface.o
                0x080179b8                WIZnetRecv
 .text.WIZnetSend
                0x080179e0       0x28 ..\obj\SSLInterface.o
                0x080179e0                WIZnetSend
 .text.WIZnetDebugCB
                0x08017a08       0x28 ..\obj\SSLInterface.o
                0x08017a08                WIZnetDebugCB
 .text.wiz_tls_init
                0x08017a30      0x148 ..\obj\SSLInterface.o
                0x08017a30                wiz_tls_init
 .text.wiz_tls_connect
                0x08017b78       0xd8 ..\obj\SSLInterface.o
                0x08017b78                wiz_tls_connect
 .text.wiz_tls_read
                0x08017c50       0x24 ..\obj\SSLInterface.o
                0x08017c50                wiz_tls_read
 .text.wiz_tls_write
                0x08017c74       0x24 ..\obj\SSLInterface.o
                0x08017c74                wiz_tls_write
 .text.NVIC_Init
                0x08017c98       0xc4 ..\obj\misc.o
                0x08017c98                NVIC_Init
 .text.mbedtls_zeroize
                0x08017d5c       0x2e ..\obj\rsa.o
 .text.mbedtls_safer_memcmp
                0x08017d8a       0x52 ..\obj\rsa.o
 .text.mbedtls_rsa_import_raw
                0x08017ddc       0xd8 ..\obj\rsa.o
                0x08017ddc                mbedtls_rsa_import_raw
 .text.rsa_check_context
                0x08017eb4      0x118 ..\obj\rsa.o
 .text.mbedtls_rsa_complete
                0x08017fcc      0x250 ..\obj\rsa.o
                0x08017fcc                mbedtls_rsa_complete
 .text.mbedtls_rsa_init
                0x0801821c       0x28 ..\obj\rsa.o
                0x0801821c                mbedtls_rsa_init
 .text.mbedtls_rsa_set_padding
                0x08018244       0x26 ..\obj\rsa.o
                0x08018244                mbedtls_rsa_set_padding
 .text.mbedtls_rsa_get_len
                0x0801826a       0x16 ..\obj\rsa.o
                0x0801826a                mbedtls_rsa_get_len
 .text.mbedtls_rsa_check_pubkey
                0x08018280       0x7c ..\obj\rsa.o
                0x08018280                mbedtls_rsa_check_pubkey
 .text.mbedtls_rsa_check_privkey
                0x080182fc       0xa4 ..\obj\rsa.o
                0x080182fc                mbedtls_rsa_check_privkey
 .text.mbedtls_rsa_check_pub_priv
                0x080183a0       0x68 ..\obj\rsa.o
                0x080183a0                mbedtls_rsa_check_pub_priv
 .text.mbedtls_rsa_public
                0x08018408       0xd4 ..\obj\rsa.o
                0x08018408                mbedtls_rsa_public
 .text.rsa_prepare_blinding
                0x080184dc      0x15c ..\obj\rsa.o
 .text.mbedtls_rsa_private
                0x08018638      0x514 ..\obj\rsa.o
                0x08018638                mbedtls_rsa_private
 .text.mbedtls_rsa_rsaes_pkcs1_v15_encrypt
                0x08018b4c      0x134 ..\obj\rsa.o
                0x08018b4c                mbedtls_rsa_rsaes_pkcs1_v15_encrypt
 .text.mbedtls_rsa_pkcs1_encrypt
                0x08018c80       0x44 ..\obj\rsa.o
                0x08018c80                mbedtls_rsa_pkcs1_encrypt
 .text.mbedtls_rsa_rsaes_pkcs1_v15_decrypt
                0x08018cc4      0x2e8 ..\obj\rsa.o
                0x08018cc4                mbedtls_rsa_rsaes_pkcs1_v15_decrypt
 .text.mbedtls_rsa_pkcs1_decrypt
                0x08018fac       0x48 ..\obj\rsa.o
                0x08018fac                mbedtls_rsa_pkcs1_decrypt
 .text.rsa_rsassa_pkcs1_v15_encode
                0x08018ff4      0x1dc ..\obj\rsa.o
 .text.mbedtls_rsa_rsassa_pkcs1_v15_sign
                0x080191d0      0x118 ..\obj\rsa.o
                0x080191d0                mbedtls_rsa_rsassa_pkcs1_v15_sign
 .text.mbedtls_rsa_pkcs1_sign
                0x080192e8       0x48 ..\obj\rsa.o
                0x080192e8                mbedtls_rsa_pkcs1_sign
 .text.mbedtls_rsa_rsassa_pkcs1_v15_verify
                0x08019330      0x104 ..\obj\rsa.o
                0x08019330                mbedtls_rsa_rsassa_pkcs1_v15_verify
 .text.mbedtls_rsa_pkcs1_verify
                0x08019434       0x48 ..\obj\rsa.o
                0x08019434                mbedtls_rsa_pkcs1_verify
 .text.mbedtls_rsa_free
                0x0801947c       0x92 ..\obj\rsa.o
                0x0801947c                mbedtls_rsa_free
 *fill*         0x0801950e        0x2 
 .text.HardFault_Handler
                0x08019510       0x10 ..\obj\HALInit.o
                0x08019510                HardFault_Handler
 .text.MemManage_Handler
                0x08019520       0x10 ..\obj\HALInit.o
                0x08019520                MemManage_Handler
 .text.NMI_Handler
                0x08019530       0x10 ..\obj\HALInit.o
                0x08019530                NMI_Handler
 .text.BusFault_Handler
                0x08019540       0x10 ..\obj\HALInit.o
                0x08019540                BusFault_Handler
 .text.UsageFault_Handler
                0x08019550       0x10 ..\obj\HALInit.o
                0x08019550                UsageFault_Handler
 .text.timerInitialize
                0x08019560       0x74 ..\obj\HALInit.o
                0x08019560                timerInitialize
 .text.TIM2_IRQHandler
                0x080195d4       0x20 ..\obj\HALInit.o
                0x080195d4                TIM2_IRQHandler
 .text.gpioInitialize
                0x080195f4       0xc8 ..\obj\HALInit.o
                0x080195f4                gpioInitialize
 .text.usartInitialize
                0x080196bc       0x48 ..\obj\HALInit.o
                0x080196bc                usartInitialize
 .text.FSMCInitialize
                0x08019704       0x8c ..\obj\HALInit.o
                0x08019704                FSMCInitialize
 .text.FSMCHighSpeed
                0x08019790       0x84 ..\obj\HALInit.o
                0x08019790                FSMCHighSpeed
 .text          0x08019814       0x30 c:/program files (x86)/gnu tools arm embedded/7 2017-q4-major/bin/../lib/gcc/arm-none-eabi/7.2.1/thumb/v7-m\libgcc.a(_aeabi_uldivmod.o)
                0x08019814                __aeabi_uldivmod
 .text          0x08019844      0x2d0 c:/program files (x86)/gnu tools arm embedded/7 2017-q4-major/bin/../lib/gcc/arm-none-eabi/7.2.1/thumb/v7-m\libgcc.a(_udivmoddi4.o)
                0x08019844                __udivmoddi4
 .text          0x08019b14        0x4 c:/program files (x86)/gnu tools arm embedded/7 2017-q4-major/bin/../lib/gcc/arm-none-eabi/7.2.1/thumb/v7-m\libgcc.a(_dvmd_tls.o)
                0x08019b14                __aeabi_idiv0
                0x08019b14                __aeabi_ldiv0
 .text.calloc   0x08019b18       0x10 c:/program files (x86)/gnu tools arm embedded/7 2017-q4-major/bin/../lib/gcc/arm-none-eabi/7.2.1/../../../../arm-none-eabi/lib/thumb/v7-m\libg.a(lib_a-calloc.o)
                0x08019b18                calloc
 .text._calloc_r
                0x08019b28       0x6c c:/program files (x86)/gnu tools arm embedded/7 2017-q4-major/bin/../lib/gcc/arm-none-eabi/7.2.1/../../../../arm-none-eabi/lib/thumb/v7-m\libg.a(lib_a-callocr.o)
                0x08019b28                _calloc_r
 .text.__locale_mb_cur_max
                0x08019b94       0x1c c:/program files (x86)/gnu tools arm embedded/7 2017-q4-major/bin/../lib/gcc/arm-none-eabi/7.2.1/../../../../arm-none-eabi/lib/thumb/v7-m\libg.a(lib_a-locale.o)
                0x08019b94                __locale_mb_cur_max
 .text.malloc   0x08019bb0       0x10 c:/program files (x86)/gnu tools arm embedded/7 2017-q4-major/bin/../lib/gcc/arm-none-eabi/7.2.1/../../../../arm-none-eabi/lib/thumb/v7-m\libg.a(lib_a-malloc.o)
                0x08019bb0                malloc
 .text.free     0x08019bc0       0x10 c:/program files (x86)/gnu tools arm embedded/7 2017-q4-major/bin/../lib/gcc/arm-none-eabi/7.2.1/../../../../arm-none-eabi/lib/thumb/v7-m\libg.a(lib_a-malloc.o)
                0x08019bc0                free
 .text._malloc_r
                0x08019bd0      0x524 c:/program files (x86)/gnu tools arm embedded/7 2017-q4-major/bin/../lib/gcc/arm-none-eabi/7.2.1/../../../../arm-none-eabi/lib/thumb/v7-m\libg.a(lib_a-mallocr.o)
                0x08019bd0                _malloc_r
 .text.__ascii_mbtowc
                0x0801a0f4       0x2c c:/program files (x86)/gnu tools arm embedded/7 2017-q4-major/bin/../lib/gcc/arm-none-eabi/7.2.1/../../../../arm-none-eabi/lib/thumb/v7-m\libg.a(lib_a-mbtowc_r.o)
                0x0801a0f4                __ascii_mbtowc
 .text.memcmp   0x0801a120       0x64 c:/program files (x86)/gnu tools arm embedded/7 2017-q4-major/bin/../lib/gcc/arm-none-eabi/7.2.1/../../../../arm-none-eabi/lib/thumb/v7-m\libg.a(lib_a-memcmp.o)
                0x0801a120                memcmp
 .text          0x0801a184       0xec c:/program files (x86)/gnu tools arm embedded/7 2017-q4-major/bin/../lib/gcc/arm-none-eabi/7.2.1/../../../../arm-none-eabi/lib/thumb/v7-m\libg.a(lib_a-memcpy.o)
                0x0801a184                memcpy
 .text.memmove  0x0801a270       0xc4 c:/program files (x86)/gnu tools arm embedded/7 2017-q4-major/bin/../lib/gcc/arm-none-eabi/7.2.1/../../../../arm-none-eabi/lib/thumb/v7-m\libg.a(lib_a-memmove.o)
                0x0801a270                memmove
 .text.memset   0x0801a334       0x94 c:/program files (x86)/gnu tools arm embedded/7 2017-q4-major/bin/../lib/gcc/arm-none-eabi/7.2.1/../../../../arm-none-eabi/lib/thumb/v7-m\libg.a(lib_a-memset.o)
                0x0801a334                memset
 .text.__malloc_lock
                0x0801a3c8        0xc c:/program files (x86)/gnu tools arm embedded/7 2017-q4-major/bin/../lib/gcc/arm-none-eabi/7.2.1/../../../../arm-none-eabi/lib/thumb/v7-m\libg.a(lib_a-mlock.o)
                0x0801a3c8                __malloc_lock
 .text.__malloc_unlock
                0x0801a3d4        0xc c:/program files (x86)/gnu tools arm embedded/7 2017-q4-major/bin/../lib/gcc/arm-none-eabi/7.2.1/../../../../arm-none-eabi/lib/thumb/v7-m\libg.a(lib_a-mlock.o)
                0x0801a3d4                __malloc_unlock
 .text.printf   0x0801a3e0       0x28 c:/program files (x86)/gnu tools arm embedded/7 2017-q4-major/bin/../lib/gcc/arm-none-eabi/7.2.1/../../../../arm-none-eabi/lib/thumb/v7-m\libg.a(lib_a-printf.o)
                0x0801a3e0                printf
 .text._puts_r  0x0801a408       0x9c c:/program files (x86)/gnu tools arm embedded/7 2017-q4-major/bin/../lib/gcc/arm-none-eabi/7.2.1/../../../../arm-none-eabi/lib/thumb/v7-m\libg.a(lib_a-puts.o)
                0x0801a408                _puts_r
 .text.puts     0x0801a4a4       0x10 c:/program files (x86)/gnu tools arm embedded/7 2017-q4-major/bin/../lib/gcc/arm-none-eabi/7.2.1/../../../../arm-none-eabi/lib/thumb/v7-m\libg.a(lib_a-puts.o)
                0x0801a4a4                puts
 .text.srand    0x0801a4b4       0x10 c:/program files (x86)/gnu tools arm embedded/7 2017-q4-major/bin/../lib/gcc/arm-none-eabi/7.2.1/../../../../arm-none-eabi/lib/thumb/v7-m\libg.a(lib_a-rand.o)
                0x0801a4b4                srand
 .text.rand     0x0801a4c4       0x3c c:/program files (x86)/gnu tools arm embedded/7 2017-q4-major/bin/../lib/gcc/arm-none-eabi/7.2.1/../../../../arm-none-eabi/lib/thumb/v7-m\libg.a(lib_a-rand.o)
                0x0801a4c4                rand
 .text._sbrk_r  0x0801a500       0x24 c:/program files (x86)/gnu tools arm embedded/7 2017-q4-major/bin/../lib/gcc/arm-none-eabi/7.2.1/../../../../arm-none-eabi/lib/thumb/v7-m\libg.a(lib_a-sbrkr.o)
                0x0801a500                _sbrk_r
 .text.snprintf
                0x0801a524       0x8c c:/program files (x86)/gnu tools arm embedded/7 2017-q4-major/bin/../lib/gcc/arm-none-eabi/7.2.1/../../../../arm-none-eabi/lib/thumb/v7-m\libg.a(lib_a-snprintf.o)
                0x0801a524                snprintf
 .text.__sread  0x0801a5b0       0x24 c:/program files (x86)/gnu tools arm embedded/7 2017-q4-major/bin/../lib/gcc/arm-none-eabi/7.2.1/../../../../arm-none-eabi/lib/thumb/v7-m\libg.a(lib_a-stdio.o)
                0x0801a5b0                __sread
 .text.__swrite
                0x0801a5d4       0x3c c:/program files (x86)/gnu tools arm embedded/7 2017-q4-major/bin/../lib/gcc/arm-none-eabi/7.2.1/../../../../arm-none-eabi/lib/thumb/v7-m\libg.a(lib_a-stdio.o)
                0x0801a5d4                __swrite
 .text.__sseek  0x0801a610       0x20 c:/program files (x86)/gnu tools arm embedded/7 2017-q4-major/bin/../lib/gcc/arm-none-eabi/7.2.1/../../../../arm-none-eabi/lib/thumb/v7-m\libg.a(lib_a-stdio.o)
                0x0801a610                __sseek
 .text.__sclose
                0x0801a630        0x8 c:/program files (x86)/gnu tools arm embedded/7 2017-q4-major/bin/../lib/gcc/arm-none-eabi/7.2.1/../../../../arm-none-eabi/lib/thumb/v7-m\libg.a(lib_a-stdio.o)
                0x0801a630                __sclose
 .text.strchr   0x0801a638       0xe8 c:/program files (x86)/gnu tools arm embedded/7 2017-q4-major/bin/../lib/gcc/arm-none-eabi/7.2.1/../../../../arm-none-eabi/lib/thumb/v7-m\libg.a(lib_a-strchr.o)
                0x0801a638                strchr
 .text.strlen   0x0801a720       0x5c c:/program files (x86)/gnu tools arm embedded/7 2017-q4-major/bin/../lib/gcc/arm-none-eabi/7.2.1/../../../../arm-none-eabi/lib/thumb/v7-m\libg.a(lib_a-strlen-stub.o)
                0x0801a720                strlen
 .text.critical_factorization
                0x0801a77c       0xb4 c:/program files (x86)/gnu tools arm embedded/7 2017-q4-major/bin/../lib/gcc/arm-none-eabi/7.2.1/../../../../arm-none-eabi/lib/thumb/v7-m\libg.a(lib_a-strstr.o)
 .text.two_way_long_needle
                0x0801a830      0x1f8 c:/program files (x86)/gnu tools arm embedded/7 2017-q4-major/bin/../lib/gcc/arm-none-eabi/7.2.1/../../../../arm-none-eabi/lib/thumb/v7-m\libg.a(lib_a-strstr.o)
 .text.strstr   0x0801aa28      0x1f8 c:/program files (x86)/gnu tools arm embedded/7 2017-q4-major/bin/../lib/gcc/arm-none-eabi/7.2.1/../../../../arm-none-eabi/lib/thumb/v7-m\libg.a(lib_a-strstr.o)
                0x0801aa28                strstr
 .text._svfprintf_r
                0x0801ac20     0x14ec c:/program files (x86)/gnu tools arm embedded/7 2017-q4-major/bin/../lib/gcc/arm-none-eabi/7.2.1/../../../../arm-none-eabi/lib/thumb/v7-m\libg.a(lib_a-svfprintf.o)
                0x0801ac20                _svfprintf_r
 .text._vfprintf_r
                0x0801c10c     0x1558 c:/program files (x86)/gnu tools arm embedded/7 2017-q4-major/bin/../lib/gcc/arm-none-eabi/7.2.1/../../../../arm-none-eabi/lib/thumb/v7-m\libg.a(lib_a-vfprintf.o)
                0x0801c10c                _vfprintf_r
 .text.__sbprintf
                0x0801d664       0x88 c:/program files (x86)/gnu tools arm embedded/7 2017-q4-major/bin/../lib/gcc/arm-none-eabi/7.2.1/../../../../arm-none-eabi/lib/thumb/v7-m\libg.a(lib_a-vfprintf.o)
 .text._vsnprintf_r
                0x0801d6ec       0x6c c:/program files (x86)/gnu tools arm embedded/7 2017-q4-major/bin/../lib/gcc/arm-none-eabi/7.2.1/../../../../arm-none-eabi/lib/thumb/v7-m\libg.a(lib_a-vsnprintf.o)
                0x0801d6ec                _vsnprintf_r
 .text.vsnprintf
                0x0801d758       0x20 c:/program files (x86)/gnu tools arm embedded/7 2017-q4-major/bin/../lib/gcc/arm-none-eabi/7.2.1/../../../../arm-none-eabi/lib/thumb/v7-m\libg.a(lib_a-vsnprintf.o)
                0x0801d758                vsnprintf
 .text.__ascii_wctomb
                0x0801d778       0x18 c:/program files (x86)/gnu tools arm embedded/7 2017-q4-major/bin/../lib/gcc/arm-none-eabi/7.2.1/../../../../arm-none-eabi/lib/thumb/v7-m\libg.a(lib_a-wctomb_r.o)
                0x0801d778                __ascii_wctomb
 .text._write_r
                0x0801d790       0x2c c:/program files (x86)/gnu tools arm embedded/7 2017-q4-major/bin/../lib/gcc/arm-none-eabi/7.2.1/../../../../arm-none-eabi/lib/thumb/v7-m\libg.a(lib_a-writer.o)
                0x0801d790                _write_r
 .text.__swsetup_r
                0x0801d7bc       0xcc c:/program files (x86)/gnu tools arm embedded/7 2017-q4-major/bin/../lib/gcc/arm-none-eabi/7.2.1/../../../../arm-none-eabi/lib/thumb/v7-m\libg.a(lib_a-wsetup.o)
                0x0801d7bc                __swsetup_r
 .text.startup.register_fini
                0x0801d888       0x14 c:/program files (x86)/gnu tools arm embedded/7 2017-q4-major/bin/../lib/gcc/arm-none-eabi/7.2.1/../../../../arm-none-eabi/lib/thumb/v7-m\libg.a(lib_a-__call_atexit.o)
 .text.atexit   0x0801d89c        0xc c:/program files (x86)/gnu tools arm embedded/7 2017-q4-major/bin/../lib/gcc/arm-none-eabi/7.2.1/../../../../arm-none-eabi/lib/thumb/v7-m\libg.a(lib_a-atexit.o)
                0x0801d89c                atexit
 .text._close_r
                0x0801d8a8       0x24 c:/program files (x86)/gnu tools arm embedded/7 2017-q4-major/bin/../lib/gcc/arm-none-eabi/7.2.1/../../../../arm-none-eabi/lib/thumb/v7-m\libg.a(lib_a-closer.o)
                0x0801d8a8                _close_r
 .text.quorem   0x0801d8cc      0x124 c:/program files (x86)/gnu tools arm embedded/7 2017-q4-major/bin/../lib/gcc/arm-none-eabi/7.2.1/../../../../arm-none-eabi/lib/thumb/v7-m\libg.a(lib_a-dtoa.o)
 .text._dtoa_r  0x0801d9f0      0xe30 c:/program files (x86)/gnu tools arm embedded/7 2017-q4-major/bin/../lib/gcc/arm-none-eabi/7.2.1/../../../../arm-none-eabi/lib/thumb/v7-m\libg.a(lib_a-dtoa.o)
                0x0801d9f0                _dtoa_r
 .text.__sflush_r
                0x0801e820      0x154 c:/program files (x86)/gnu tools arm embedded/7 2017-q4-major/bin/../lib/gcc/arm-none-eabi/7.2.1/../../../../arm-none-eabi/lib/thumb/v7-m\libg.a(lib_a-fflush.o)
                0x0801e820                __sflush_r
 .text._fflush_r
                0x0801e974       0x5c c:/program files (x86)/gnu tools arm embedded/7 2017-q4-major/bin/../lib/gcc/arm-none-eabi/7.2.1/../../../../arm-none-eabi/lib/thumb/v7-m\libg.a(lib_a-fflush.o)
                0x0801e974                _fflush_r
 .text.std      0x0801e9d0       0x50 c:/program files (x86)/gnu tools arm embedded/7 2017-q4-major/bin/../lib/gcc/arm-none-eabi/7.2.1/../../../../arm-none-eabi/lib/thumb/v7-m\libg.a(lib_a-findfp.o)
 .text._cleanup_r
                0x0801ea20        0xc c:/program files (x86)/gnu tools arm embedded/7 2017-q4-major/bin/../lib/gcc/arm-none-eabi/7.2.1/../../../../arm-none-eabi/lib/thumb/v7-m\libg.a(lib_a-findfp.o)
                0x0801ea20                _cleanup_r
 .text.__sinit  0x0801ea2c       0x60 c:/program files (x86)/gnu tools arm embedded/7 2017-q4-major/bin/../lib/gcc/arm-none-eabi/7.2.1/../../../../arm-none-eabi/lib/thumb/v7-m\libg.a(lib_a-findfp.o)
                0x0801ea2c                __sinit
 .text.__sfp_lock_acquire
                0x0801ea8c        0xc c:/program files (x86)/gnu tools arm embedded/7 2017-q4-major/bin/../lib/gcc/arm-none-eabi/7.2.1/../../../../arm-none-eabi/lib/thumb/v7-m\libg.a(lib_a-findfp.o)
                0x0801ea8c                __sfp_lock_acquire
 .text.__sfp_lock_release
                0x0801ea98        0xc c:/program files (x86)/gnu tools arm embedded/7 2017-q4-major/bin/../lib/gcc/arm-none-eabi/7.2.1/../../../../arm-none-eabi/lib/thumb/v7-m\libg.a(lib_a-findfp.o)
                0x0801ea98                __sfp_lock_release
 .text.__libc_fini_array
                0x0801eaa4       0x34 c:/program files (x86)/gnu tools arm embedded/7 2017-q4-major/bin/../lib/gcc/arm-none-eabi/7.2.1/../../../../arm-none-eabi/lib/thumb/v7-m\libg.a(lib_a-fini.o)
                0x0801eaa4                __libc_fini_array
 .text._malloc_trim_r
                0x0801ead8       0xa0 c:/program files (x86)/gnu tools arm embedded/7 2017-q4-major/bin/../lib/gcc/arm-none-eabi/7.2.1/../../../../arm-none-eabi/lib/thumb/v7-m\libg.a(lib_a-freer.o)
                0x0801ead8                _malloc_trim_r
 .text._free_r  0x0801eb78      0x1e8 c:/program files (x86)/gnu tools arm embedded/7 2017-q4-major/bin/../lib/gcc/arm-none-eabi/7.2.1/../../../../arm-none-eabi/lib/thumb/v7-m\libg.a(lib_a-freer.o)
                0x0801eb78                _free_r
 .text.__sfvwrite_r
                0x0801ed60      0x2f4 c:/program files (x86)/gnu tools arm embedded/7 2017-q4-major/bin/../lib/gcc/arm-none-eabi/7.2.1/../../../../arm-none-eabi/lib/thumb/v7-m\libg.a(lib_a-fvwrite.o)
                0x0801ed60                __sfvwrite_r
 .text._fwalk_reent
                0x0801f054       0x50 c:/program files (x86)/gnu tools arm embedded/7 2017-q4-major/bin/../lib/gcc/arm-none-eabi/7.2.1/../../../../arm-none-eabi/lib/thumb/v7-m\libg.a(lib_a-fwalk.o)
                0x0801f054                _fwalk_reent
 .text._localeconv_r
                0x0801f0a4       0x1c c:/program files (x86)/gnu tools arm embedded/7 2017-q4-major/bin/../lib/gcc/arm-none-eabi/7.2.1/../../../../arm-none-eabi/lib/thumb/v7-m\libg.a(lib_a-localeconv.o)
                0x0801f0a4                _localeconv_r
 .text.__retarget_lock_init_recursive
                0x0801f0c0        0x4 c:/program files (x86)/gnu tools arm embedded/7 2017-q4-major/bin/../lib/gcc/arm-none-eabi/7.2.1/../../../../arm-none-eabi/lib/thumb/v7-m\libg.a(lib_a-lock.o)
                0x0801f0c0                __retarget_lock_init_recursive
 .text.__retarget_lock_close_recursive
                0x0801f0c4        0x4 c:/program files (x86)/gnu tools arm embedded/7 2017-q4-major/bin/../lib/gcc/arm-none-eabi/7.2.1/../../../../arm-none-eabi/lib/thumb/v7-m\libg.a(lib_a-lock.o)
                0x0801f0c4                __retarget_lock_close_recursive
 .text.__retarget_lock_acquire_recursive
                0x0801f0c8        0x4 c:/program files (x86)/gnu tools arm embedded/7 2017-q4-major/bin/../lib/gcc/arm-none-eabi/7.2.1/../../../../arm-none-eabi/lib/thumb/v7-m\libg.a(lib_a-lock.o)
                0x0801f0c8                __retarget_lock_acquire_recursive
 .text.__retarget_lock_release_recursive
                0x0801f0cc        0x4 c:/program files (x86)/gnu tools arm embedded/7 2017-q4-major/bin/../lib/gcc/arm-none-eabi/7.2.1/../../../../arm-none-eabi/lib/thumb/v7-m\libg.a(lib_a-lock.o)
                0x0801f0cc                __retarget_lock_release_recursive
 .text._lseek_r
                0x0801f0d0       0x2c c:/program files (x86)/gnu tools arm embedded/7 2017-q4-major/bin/../lib/gcc/arm-none-eabi/7.2.1/../../../../arm-none-eabi/lib/thumb/v7-m\libg.a(lib_a-lseekr.o)
                0x0801f0d0                _lseek_r
 .text.__swhatbuf_r
                0x0801f0fc       0x5c c:/program files (x86)/gnu tools arm embedded/7 2017-q4-major/bin/../lib/gcc/arm-none-eabi/7.2.1/../../../../arm-none-eabi/lib/thumb/v7-m\libg.a(lib_a-makebuf.o)
                0x0801f0fc                __swhatbuf_r
 .text.__smakebuf_r
                0x0801f158       0x94 c:/program files (x86)/gnu tools arm embedded/7 2017-q4-major/bin/../lib/gcc/arm-none-eabi/7.2.1/../../../../arm-none-eabi/lib/thumb/v7-m\libg.a(lib_a-makebuf.o)
                0x0801f158                __smakebuf_r
 .text.memchr   0x0801f1ec       0x8c c:/program files (x86)/gnu tools arm embedded/7 2017-q4-major/bin/../lib/gcc/arm-none-eabi/7.2.1/../../../../arm-none-eabi/lib/thumb/v7-m\libg.a(lib_a-memchr-stub.o)
                0x0801f1ec                memchr
 .text._Balloc  0x0801f278       0x4c c:/program files (x86)/gnu tools arm embedded/7 2017-q4-major/bin/../lib/gcc/arm-none-eabi/7.2.1/../../../../arm-none-eabi/lib/thumb/v7-m\libg.a(lib_a-mprec.o)
                0x0801f278                _Balloc
 .text._Bfree   0x0801f2c4       0x14 c:/program files (x86)/gnu tools arm embedded/7 2017-q4-major/bin/../lib/gcc/arm-none-eabi/7.2.1/../../../../arm-none-eabi/lib/thumb/v7-m\libg.a(lib_a-mprec.o)
                0x0801f2c4                _Bfree
 .text.__multadd
                0x0801f2d8       0x84 c:/program files (x86)/gnu tools arm embedded/7 2017-q4-major/bin/../lib/gcc/arm-none-eabi/7.2.1/../../../../arm-none-eabi/lib/thumb/v7-m\libg.a(lib_a-mprec.o)
                0x0801f2d8                __multadd
 .text.__hi0bits
                0x0801f35c       0x40 c:/program files (x86)/gnu tools arm embedded/7 2017-q4-major/bin/../lib/gcc/arm-none-eabi/7.2.1/../../../../arm-none-eabi/lib/thumb/v7-m\libg.a(lib_a-mprec.o)
                0x0801f35c                __hi0bits
 .text.__lo0bits
                0x0801f39c       0x60 c:/program files (x86)/gnu tools arm embedded/7 2017-q4-major/bin/../lib/gcc/arm-none-eabi/7.2.1/../../../../arm-none-eabi/lib/thumb/v7-m\libg.a(lib_a-mprec.o)
                0x0801f39c                __lo0bits
 .text.__i2b    0x0801f3fc       0x14 c:/program files (x86)/gnu tools arm embedded/7 2017-q4-major/bin/../lib/gcc/arm-none-eabi/7.2.1/../../../../arm-none-eabi/lib/thumb/v7-m\libg.a(lib_a-mprec.o)
                0x0801f3fc                __i2b
 .text.__multiply
                0x0801f410      0x14c c:/program files (x86)/gnu tools arm embedded/7 2017-q4-major/bin/../lib/gcc/arm-none-eabi/7.2.1/../../../../arm-none-eabi/lib/thumb/v7-m\libg.a(lib_a-mprec.o)
                0x0801f410                __multiply
 .text.__pow5mult
                0x0801f55c       0xa0 c:/program files (x86)/gnu tools arm embedded/7 2017-q4-major/bin/../lib/gcc/arm-none-eabi/7.2.1/../../../../arm-none-eabi/lib/thumb/v7-m\libg.a(lib_a-mprec.o)
                0x0801f55c                __pow5mult
 .text.__lshift
                0x0801f5fc       0xb4 c:/program files (x86)/gnu tools arm embedded/7 2017-q4-major/bin/../lib/gcc/arm-none-eabi/7.2.1/../../../../arm-none-eabi/lib/thumb/v7-m\libg.a(lib_a-mprec.o)
                0x0801f5fc                __lshift
 .text.__mcmp   0x0801f6b0       0x38 c:/program files (x86)/gnu tools arm embedded/7 2017-q4-major/bin/../lib/gcc/arm-none-eabi/7.2.1/../../../../arm-none-eabi/lib/thumb/v7-m\libg.a(lib_a-mprec.o)
                0x0801f6b0                __mcmp
 .text.__mdiff  0x0801f6e8      0x100 c:/program files (x86)/gnu tools arm embedded/7 2017-q4-major/bin/../lib/gcc/arm-none-eabi/7.2.1/../../../../arm-none-eabi/lib/thumb/v7-m\libg.a(lib_a-mprec.o)
                0x0801f6e8                __mdiff
 .text.__d2b    0x0801f7e8       0xb0 c:/program files (x86)/gnu tools arm embedded/7 2017-q4-major/bin/../lib/gcc/arm-none-eabi/7.2.1/../../../../arm-none-eabi/lib/thumb/v7-m\libg.a(lib_a-mprec.o)
                0x0801f7e8                __d2b
 .text._read_r  0x0801f898       0x2c c:/program files (x86)/gnu tools arm embedded/7 2017-q4-major/bin/../lib/gcc/arm-none-eabi/7.2.1/../../../../arm-none-eabi/lib/thumb/v7-m\libg.a(lib_a-readr.o)
                0x0801f898                _read_r
 .text._realloc_r
                0x0801f8c4      0x374 c:/program files (x86)/gnu tools arm embedded/7 2017-q4-major/bin/../lib/gcc/arm-none-eabi/7.2.1/../../../../arm-none-eabi/lib/thumb/v7-m\libg.a(lib_a-reallocr.o)
                0x0801f8c4                _realloc_r
 .text.__ssprint_r
                0x0801fc38       0xf4 c:/program files (x86)/gnu tools arm embedded/7 2017-q4-major/bin/../lib/gcc/arm-none-eabi/7.2.1/../../../../arm-none-eabi/lib/thumb/v7-m\libg.a(lib_a-svfiprintf.o)
                0x0801fc38                __ssprint_r
 .text.__sprint_r.part.0
                0x0801fd2c       0x78 c:/program files (x86)/gnu tools arm embedded/7 2017-q4-major/bin/../lib/gcc/arm-none-eabi/7.2.1/../../../../arm-none-eabi/lib/thumb/v7-m\libg.a(lib_a-vfiprintf.o)
 .text.__sprint_r
                0x0801fda4       0x14 c:/program files (x86)/gnu tools arm embedded/7 2017-q4-major/bin/../lib/gcc/arm-none-eabi/7.2.1/../../../../arm-none-eabi/lib/thumb/v7-m\libg.a(lib_a-vfiprintf.o)
                0x0801fda4                __sprint_r
 .text.__swbuf_r
                0x0801fdb8       0xb0 c:/program files (x86)/gnu tools arm embedded/7 2017-q4-major/bin/../lib/gcc/arm-none-eabi/7.2.1/../../../../arm-none-eabi/lib/thumb/v7-m\libg.a(lib_a-wbuf.o)
                0x0801fdb8                __swbuf_r
 .text.__register_exitproc
                0x0801fe68       0xc0 c:/program files (x86)/gnu tools arm embedded/7 2017-q4-major/bin/../lib/gcc/arm-none-eabi/7.2.1/../../../../arm-none-eabi/lib/thumb/v7-m\libg.a(lib_a-__atexit.o)
                0x0801fe68                __register_exitproc
 .text._fclose_r
                0x0801ff28       0xd0 c:/program files (x86)/gnu tools arm embedded/7 2017-q4-major/bin/../lib/gcc/arm-none-eabi/7.2.1/../../../../arm-none-eabi/lib/thumb/v7-m\libg.a(lib_a-fclose.o)
                0x0801ff28                _fclose_r
 .text.__fputwc
                0x0801fff8       0x94 c:/program files (x86)/gnu tools arm embedded/7 2017-q4-major/bin/../lib/gcc/arm-none-eabi/7.2.1/../../../../arm-none-eabi/lib/thumb/v7-m\libg.a(lib_a-fputwc.o)
                0x0801fff8                __fputwc
 .text._fputwc_r
                0x0802008c       0x64 c:/program files (x86)/gnu tools arm embedded/7 2017-q4-major/bin/../lib/gcc/arm-none-eabi/7.2.1/../../../../arm-none-eabi/lib/thumb/v7-m\libg.a(lib_a-fputwc.o)
                0x0802008c                _fputwc_r
 .text._fstat_r
                0x080200f0       0x28 c:/program files (x86)/gnu tools arm embedded/7 2017-q4-major/bin/../lib/gcc/arm-none-eabi/7.2.1/../../../../arm-none-eabi/lib/thumb/v7-m\libg.a(lib_a-fstatr.o)
                0x080200f0                _fstat_r
 .text._isatty_r
                0x08020118       0x24 c:/program files (x86)/gnu tools arm embedded/7 2017-q4-major/bin/../lib/gcc/arm-none-eabi/7.2.1/../../../../arm-none-eabi/lib/thumb/v7-m\libg.a(lib_a-isattyr.o)
                0x08020118                _isatty_r
 .text._wcrtomb_r
                0x0802013c       0x54 c:/program files (x86)/gnu tools arm embedded/7 2017-q4-major/bin/../lib/gcc/arm-none-eabi/7.2.1/../../../../arm-none-eabi/lib/thumb/v7-m\libg.a(lib_a-wcrtomb.o)
                0x0802013c                _wcrtomb_r
 .text          0x08020190      0x378 c:/program files (x86)/gnu tools arm embedded/7 2017-q4-major/bin/../lib/gcc/arm-none-eabi/7.2.1/thumb/v7-m\libgcc.a(_arm_addsubdf3.o)
                0x08020190                __aeabi_drsub
                0x08020198                __aeabi_dsub
                0x08020198                __subdf3
                0x0802019c                __aeabi_dadd
                0x0802019c                __adddf3
                0x08020414                __floatunsidf
                0x08020414                __aeabi_ui2d
                0x08020434                __floatsidf
                0x08020434                __aeabi_i2d
                0x08020458                __aeabi_f2d
                0x08020458                __extendsfdf2
                0x0802049c                __floatundidf
                0x0802049c                __aeabi_ul2d
                0x080204ac                __floatdidf
                0x080204ac                __aeabi_l2d
 .text          0x08020508      0x424 c:/program files (x86)/gnu tools arm embedded/7 2017-q4-major/bin/../lib/gcc/arm-none-eabi/7.2.1/thumb/v7-m\libgcc.a(_arm_muldivdf3.o)
                0x08020508                __aeabi_dmul
                0x08020508                __muldf3
                0x0802075c                __divdf3
                0x0802075c                __aeabi_ddiv
 .text          0x0802092c      0x110 c:/program files (x86)/gnu tools arm embedded/7 2017-q4-major/bin/../lib/gcc/arm-none-eabi/7.2.1/thumb/v7-m\libgcc.a(_arm_cmpdf2.o)
                0x0802092c                __gtdf2
                0x0802092c                __gedf2
                0x08020934                __ltdf2
                0x08020934                __ledf2
                0x0802093c                __nedf2
                0x0802093c                __eqdf2
                0x0802093c                __cmpdf2
                0x080209b8                __aeabi_cdrcmple
                0x080209c8                __aeabi_cdcmpeq
                0x080209c8                __aeabi_cdcmple
                0x080209d8                __aeabi_dcmpeq
                0x080209ec                __aeabi_dcmplt
                0x08020a00                __aeabi_dcmple
                0x08020a14                __aeabi_dcmpge
                0x08020a28                __aeabi_dcmpgt
 .text          0x08020a3c       0x2c c:/program files (x86)/gnu tools arm embedded/7 2017-q4-major/bin/../lib/gcc/arm-none-eabi/7.2.1/thumb/v7-m\libgcc.a(_arm_unorddf2.o)
                0x08020a3c                __unorddf2
                0x08020a3c                __aeabi_dcmpun
 .text          0x08020a68       0x50 c:/program files (x86)/gnu tools arm embedded/7 2017-q4-major/bin/../lib/gcc/arm-none-eabi/7.2.1/thumb/v7-m\libgcc.a(_arm_fixdfsi.o)
                0x08020a68                __aeabi_d2iz
                0x08020a68                __fixdfsi
 *(.init)
 .init          0x08020ab8        0x4 c:/program files (x86)/gnu tools arm embedded/7 2017-q4-major/bin/../lib/gcc/arm-none-eabi/7.2.1/thumb/v7-m/crti.o
                0x08020ab8                _init
 .init          0x08020abc        0x8 c:/program files (x86)/gnu tools arm embedded/7 2017-q4-major/bin/../lib/gcc/arm-none-eabi/7.2.1/thumb/v7-m/crtn.o
 *(.fini)
 .fini          0x08020ac4        0x4 c:/program files (x86)/gnu tools arm embedded/7 2017-q4-major/bin/../lib/gcc/arm-none-eabi/7.2.1/thumb/v7-m/crti.o
                0x08020ac4                _fini
 .fini          0x08020ac8        0x8 c:/program files (x86)/gnu tools arm embedded/7 2017-q4-major/bin/../lib/gcc/arm-none-eabi/7.2.1/thumb/v7-m/crtn.o
 *crtbegin.o(.ctors)
 *crtbegin?.o(.ctors)
 *(EXCLUDE_FILE(*crtend.o *crtend?.o) .ctors)
 *(SORT_BY_NAME(.ctors.*))
 *(.ctors)
 *crtbegin.o(.dtors)
 *crtbegin?.o(.dtors)
 *(EXCLUDE_FILE(*crtend.o *crtend?.o) .dtors)
 *(SORT_BY_NAME(.dtors.*))
 *(.dtors)
 *(.rodata*)
 .rodata        0x08020ad0        0xb ..\obj\pk.o
 *fill*         0x08020adb        0x1 
 .rodata        0x08020adc     0x1086 ..\obj\ssl_tls.o
 *fill*         0x08021b62        0x2 
 .rodata        0x08021b64       0x54 ..\obj\W5100SRelFunctions.o
 .rodata        0x08021bb8       0xc0 ..\obj\base64.o
 .rodata        0x08021c78      0x840 ..\obj\x509_crt.o
                0x08021c78                mbedtls_x509_crt_profile_default
                0x08021c88                mbedtls_x509_crt_profile_next
                0x08021c98                mbedtls_x509_crt_profile_suiteb
 .rodata        0x080224b8       0xab ..\obj\main.o
 *fill*         0x08022563        0x1 
 .rodata        0x08022564      0x140 ..\obj\sha256.o
 .rodata        0x080226a4       0x44 ..\obj\pk_wrap.o
                0x080226b8                mbedtls_rsa_info
 .rodata        0x080226e8       0x70 ..\obj\md_wrap.o
                0x080226f0                mbedtls_sha224_info
                0x08022728                mbedtls_sha256_info
 .rodata        0x08022758       0x17 ..\obj\pem.o
 *fill*         0x0802276f        0x1 
 .rodata        0x08022770      0xb54 ..\obj\oid.o
 .rodata        0x080232c4       0xfc ..\obj\ssl_ciphersuites.o
 .rodata        0x080233c0     0x1f11 ..\obj\error.o
 *fill*         0x080252d1        0x3 
 .rodata        0x080252d4      0x9b1 ..\obj\ssl_cli.o
 *fill*         0x08025c85        0x3 
 .rodata        0x08025c88       0x3c ..\obj\x509.o
 .rodata        0x08025cc4       0x36 ..\obj\rsa_internal.o
 *fill*         0x08025cfa        0x2 
 .rodata        0x08025cfc      0x1f0 ..\obj\cipher_wrap.o
                0x08025e9c                mbedtls_cipher_definitions
 .rodata        0x08025eec       0xc2 ..\obj\debug.o
 *fill*         0x08025fae        0x2 
 .rodata        0x08025fb0       0x80 ..\obj\gcm.o
 .rodata        0x08026030      0x5c1 ..\obj\SSLInterface.o
                0x08026030                self_signed_certificate
 *fill*         0x080265f1        0x3 
 .rodata        0x080265f4       0x3e ..\obj\HALInit.o
 *fill*         0x08026632        0x2 
 .rodata._global_impure_ptr
                0x08026634        0x4 c:/program files (x86)/gnu tools arm embedded/7 2017-q4-major/bin/../lib/gcc/arm-none-eabi/7.2.1/../../../../arm-none-eabi/lib/thumb/v7-m\libg.a(lib_a-impure.o)
                0x08026634                _global_impure_ptr
 .rodata._setlocale_r.str1.4
                0x08026638        0xa c:/program files (x86)/gnu tools arm embedded/7 2017-q4-major/bin/../lib/gcc/arm-none-eabi/7.2.1/../../../../arm-none-eabi/lib/thumb/v7-m\libg.a(lib_a-locale.o)
                                  0xd (size before relaxing)
 *fill*         0x08026642        0x2 
 .rodata.str1.4
                0x08026644        0x2 c:/program files (x86)/gnu tools arm embedded/7 2017-q4-major/bin/../lib/gcc/arm-none-eabi/7.2.1/../../../../arm-none-eabi/lib/thumb/v7-m\libg.a(lib_a-locale.o)
 *fill*         0x08026646        0x2 
 .rodata._puts_r.str1.4
                0x08026648        0x2 c:/program files (x86)/gnu tools arm embedded/7 2017-q4-major/bin/../lib/gcc/arm-none-eabi/7.2.1/../../../../arm-none-eabi/lib/thumb/v7-m\libg.a(lib_a-puts.o)
 *fill*         0x0802664a        0x2 
 .rodata._svfprintf_r.str1.4
                0x0802664c       0x42 c:/program files (x86)/gnu tools arm embedded/7 2017-q4-major/bin/../lib/gcc/arm-none-eabi/7.2.1/../../../../arm-none-eabi/lib/thumb/v7-m\libg.a(lib_a-svfprintf.o)
 *fill*         0x0802668e        0x2 
 .rodata.blanks.7276
                0x08026690       0x10 c:/program files (x86)/gnu tools arm embedded/7 2017-q4-major/bin/../lib/gcc/arm-none-eabi/7.2.1/../../../../arm-none-eabi/lib/thumb/v7-m\libg.a(lib_a-svfprintf.o)
 .rodata.zeroes.7277
                0x080266a0       0x10 c:/program files (x86)/gnu tools arm embedded/7 2017-q4-major/bin/../lib/gcc/arm-none-eabi/7.2.1/../../../../arm-none-eabi/lib/thumb/v7-m\libg.a(lib_a-svfprintf.o)
 .rodata._vfprintf_r.str1.4
                0x080266b0       0x42 c:/program files (x86)/gnu tools arm embedded/7 2017-q4-major/bin/../lib/gcc/arm-none-eabi/7.2.1/../../../../arm-none-eabi/lib/thumb/v7-m\libg.a(lib_a-vfprintf.o)
 .rodata.blanks.7291
                0x080266b0       0x10 c:/program files (x86)/gnu tools arm embedded/7 2017-q4-major/bin/../lib/gcc/arm-none-eabi/7.2.1/../../../../arm-none-eabi/lib/thumb/v7-m\libg.a(lib_a-vfprintf.o)
 .rodata.zeroes.7292
                0x080266c0       0x10 c:/program files (x86)/gnu tools arm embedded/7 2017-q4-major/bin/../lib/gcc/arm-none-eabi/7.2.1/../../../../arm-none-eabi/lib/thumb/v7-m\libg.a(lib_a-vfprintf.o)
 .rodata._ctype_
                0x080266d0      0x101 c:/program files (x86)/gnu tools arm embedded/7 2017-q4-major/bin/../lib/gcc/arm-none-eabi/7.2.1/../../../../arm-none-eabi/lib/thumb/v7-m\libg.a(lib_a-ctype_.o)
                0x080266d0                _ctype_
 *fill*         0x080267d1        0x3 
 .rodata._dtoa_r.str1.4
                0x080267d4       0x10 c:/program files (x86)/gnu tools arm embedded/7 2017-q4-major/bin/../lib/gcc/arm-none-eabi/7.2.1/../../../../arm-none-eabi/lib/thumb/v7-m\libg.a(lib_a-dtoa.o)
                                 0x12 (size before relaxing)
 *fill*         0x080267e4        0x4 
 .rodata.__mprec_bigtens
                0x080267e8       0x28 c:/program files (x86)/gnu tools arm embedded/7 2017-q4-major/bin/../lib/gcc/arm-none-eabi/7.2.1/../../../../arm-none-eabi/lib/thumb/v7-m\libg.a(lib_a-mprec.o)
                0x080267e8                __mprec_bigtens
 .rodata.__mprec_tens